#-----------------------------------------------------------
# Vivado v2024.2 (64-bit)
# SW Build 5239630 on Fri Nov 08 22:34:34 MST 2024
# IP Build 5239520 on Sun Nov 10 16:12:51 MST 2024
# SharedData Build 5239561 on Fri Nov 08 14:39:27 MST 2024
# Start of session at: Fri Sep  5 17:35:20 2025
# Process ID         : 60353
# Current directory  : /home/luisfercrtez/Documents/Master/Tesis/NetFPGA-SUME/firmware/DMA/fpga/fpga/xdma_0_ex
# Command line       : vivado -notrace -source /home/luisfercrtez/Documents/Master/Tesis/NetFPGA-SUME/firmware/DMA/fpga/fpga/fpga/fpga.gen/sources_1/ip/xdma_0_3/xdma_0_ex.tcl
# Log file           : /home/luisfercrtez/Documents/Master/Tesis/NetFPGA-SUME/firmware/DMA/fpga/fpga/xdma_0_ex/vivado.log
# Journal file       : /home/luisfercrtez/Documents/Master/Tesis/NetFPGA-SUME/firmware/DMA/fpga/fpga/xdma_0_ex/vivado.jou
# Running On         : lampranthus
# Platform           : Ubuntu
# Operating System   : Ubuntu 24.04.2 LTS
# Processor Detail   : AMD Ryzen 5 5500U with Radeon Graphics
# CPU Frequency      : 2021.978 MHz
# CPU Physical cores : 6
# CPU Logical cores  : 12
# Host memory        : 16052 MB
# Swap memory        : 4294 MB
# Total Virtual      : 20347 MB
# Available Virtual  : 12895 MB
#-----------------------------------------------------------
start_gui
source /home/luisfercrtez/Documents/Master/Tesis/NetFPGA-SUME/firmware/DMA/fpga/fpga/fpga/fpga.gen/sources_1/ip/xdma_0_3/xdma_0_ex.tcl -notrace
update_compile_order -fileset sources_1
launch_runs impl_1 -jobs 12
wait_on_run impl_1
launch_runs impl_1 -to_step write_bitstream -jobs 12
wait_on_run impl_1
open_hw_manager
connect_hw_server -allow_non_jtag
open_hw_target
set_property PROGRAM.FILE {/home/luisfercrtez/Documents/Master/Tesis/NetFPGA-SUME/firmware/DMA/fpga/fpga/xdma_0_ex/xdma_0_ex.runs/impl_1/xilinx_dma_pcie_ep.bit} [get_hw_devices xc7vx690t_0]
current_hw_device [get_hw_devices xc7vx690t_0]
refresh_hw_device -update_hw_probes false [lindex [get_hw_devices xc7vx690t_0] 0]
set_property PROBES.FILE {} [get_hw_devices xc7vx690t_0]
set_property FULL_PROBES.FILE {} [get_hw_devices xc7vx690t_0]
set_property PROGRAM.FILE {/home/luisfercrtez/Documents/Master/Tesis/NetFPGA-SUME/firmware/DMA/fpga/fpga/xdma_0_ex/xdma_0_ex.runs/impl_1/xilinx_dma_pcie_ep.bit} [get_hw_devices xc7vx690t_0]
program_hw_devices [get_hw_devices xc7vx690t_0]
refresh_hw_device [lindex [get_hw_devices xc7vx690t_0] 0]
close_hw_manager
