#-----------------------------------------------------------
# Vivado v2024.2 (64-bit)
# SW Build 5239630 on Fri Nov 08 22:34:34 MST 2024
# IP Build 5239520 on Sun Nov 10 16:12:51 MST 2024
# SharedData Build 5239561 on Fri Nov 08 14:39:27 MST 2024
# Start of session at: Fri Sep  5 17:36:28 2025
# Process ID         : 60998
# Current directory  : /home/luisfercrtez/Documents/Master/Tesis/NetFPGA-SUME/firmware/DMA/fpga/fpga/xdma_0_ex/xdma_0_ex.runs/blk_mem_gen_1_synth_1
# Command line       : vivado -log blk_mem_gen_1.vds -product Vivado -mode batch -messageDb vivado.pb -notrace -source blk_mem_gen_1.tcl
# Log file           : /home/luisfercrtez/Documents/Master/Tesis/NetFPGA-SUME/firmware/DMA/fpga/fpga/xdma_0_ex/xdma_0_ex.runs/blk_mem_gen_1_synth_1/blk_mem_gen_1.vds
# Journal file       : /home/luisfercrtez/Documents/Master/Tesis/NetFPGA-SUME/firmware/DMA/fpga/fpga/xdma_0_ex/xdma_0_ex.runs/blk_mem_gen_1_synth_1/vivado.jou
# Running On         : lampranthus
# Platform           : Ubuntu
# Operating System   : Ubuntu 24.04.2 LTS
# Processor Detail   : AMD Ryzen 5 5500U with Radeon Graphics
# CPU Frequency      : 3911.871 MHz
# CPU Physical cores : 6
# CPU Logical cores  : 12
# Host memory        : 16052 MB
# Swap memory        : 4294 MB
# Total Virtual      : 20347 MB
# Available Virtual  : 11542 MB
#-----------------------------------------------------------
source blk_mem_gen_1.tcl -notrace
