Copyright 1986-2022 Xilinx, Inc. All Rights Reserved. Copyright 2022-2024 Advanced Micro Devices, Inc. All Rights Reserved.
---------------------------------------------------------------------------------------------------------------------------------------------
| Tool Version : Vivado v.2024.2 (lin64) Build 5239630 Fri Nov 08 22:34:34 MST 2024
| Date         : Mon Oct  6 18:40:20 2025
| Host         : lampranthus running 64-bit Ubuntu 24.04.2 LTS
| Command      : report_bus_skew -warn_on_violation -file fpga_bus_skew_routed.rpt -pb fpga_bus_skew_routed.pb -rpx fpga_bus_skew_routed.rpx
| Design       : fpga
| Device       : 7vx690t-ffg1761
| Speed File   : -3  PRODUCTION 1.11 2014-09-11
| Design State : Routed
---------------------------------------------------------------------------------------------------------------------------------------------

Bus Skew Report

Table of Contents
-----------------
1. Bus Skew Report Summary
2. Bus Skew Report Per Constraint

1. Bus Skew Report Summary
--------------------------

Id  Position  From                            To                              Corner  Requirement(ns)  Actual(ns)  Slack(ns)
--  --------  ------------------------------  ------------------------------  ------  ---------------  ----------  ---------
1   175       [get_cells {{core_inst/eth_mac_10g_fifo_inst/rx_fifo/fifo_inst/rd_ptr_reg_reg[*]} {core_inst/eth_mac_10g_fifo_inst/rx_fifo/fifo_inst/rd_ptr_gray_reg_reg[*]}}]
                                              [get_cells {core_inst/eth_mac_10g_fifo_inst/rx_fifo/fifo_inst/rd_ptr_gray_sync1_reg_reg[*]}]
                                                                              Slow              6.400       0.568      5.832
2   177       [get_cells -quiet {core_inst/eth_mac_10g_fifo_inst/rx_fifo/fifo_inst/wr_ptr_sync_commit_reg_reg[*]}]
                                              [get_cells {core_inst/eth_mac_10g_fifo_inst/rx_fifo/fifo_inst/wr_ptr_commit_sync_reg_reg[*]}]
                                                                              Slow              6.400       0.567      5.833
3   182       [get_cells {{core_inst/eth_mac_10g_fifo_inst/tx_fifo/fifo_inst/rd_ptr_reg_reg[*]} {core_inst/eth_mac_10g_fifo_inst/tx_fifo/fifo_inst/rd_ptr_gray_reg_reg[*]}}]
                                              [get_cells {core_inst/eth_mac_10g_fifo_inst/tx_fifo/fifo_inst/rd_ptr_gray_sync1_reg_reg[*]}]
                                                                              Slow              6.400       0.552      5.848
4   184       [get_cells -quiet {core_inst/eth_mac_10g_fifo_inst/tx_fifo/fifo_inst/wr_ptr_sync_commit_reg_reg[*]}]
                                              [get_cells {core_inst/eth_mac_10g_fifo_inst/tx_fifo/fifo_inst/wr_ptr_commit_sync_reg_reg[*]}]
                                                                              Slow              6.400       0.401      5.999


2. Bus Skew Report Per Constraint
---------------------------------

Id: 1
set_bus_skew -from [get_cells {{core_inst/eth_mac_10g_fifo_inst/rx_fifo/fifo_inst/rd_ptr_reg_reg[*]} {core_inst/eth_mac_10g_fifo_inst/rx_fifo/fifo_inst/rd_ptr_gray_reg_reg[*]}}] -to [get_cells {core_inst/eth_mac_10g_fifo_inst/rx_fifo/fifo_inst/rd_ptr_gray_sync1_reg_reg[*]}] 6.400
Requirement: 6.400ns
Endpoints: 12

From Clock            To Clock              Endpoint Pin                    Reference Pin                   Corner  Actual(ns)  Slack(ns)
--------------------  --------------------  ------------------------------  ------------------------------  ------  ----------  ---------
sfp_mgt_refclk_p      sfp_mgt_refclk_p      core_inst/eth_mac_10g_fifo_inst/rx_fifo/fifo_inst/rd_ptr_gray_sync1_reg_reg[6]/D
                                                                            core_inst/eth_mac_10g_fifo_inst/rx_fifo/fifo_inst/rd_ptr_gray_sync1_reg_reg[1]/D
                                                                                                            Slow         0.568      5.832


Slack (MET) :             5.832ns  (requirement - actual skew)
  Endpoint Source:        core_inst/eth_mac_10g_fifo_inst/rx_fifo/fifo_inst/rd_ptr_gray_reg_reg[6]/C
                            (rising edge-triggered cell FDRE clocked by sfp_mgt_refclk_p)
  Endpoint Destination:   core_inst/eth_mac_10g_fifo_inst/rx_fifo/fifo_inst/rd_ptr_gray_sync1_reg_reg[6]/D
                            (rising edge-triggered cell FDRE clocked by sfp_mgt_refclk_p)
  Reference Source:       core_inst/eth_mac_10g_fifo_inst/rx_fifo/fifo_inst/rd_ptr_gray_reg_reg[1]/C
                            (rising edge-triggered cell FDRE clocked by sfp_mgt_refclk_p)
  Reference Destination:  core_inst/eth_mac_10g_fifo_inst/rx_fifo/fifo_inst/rd_ptr_gray_sync1_reg_reg[1]/D
                            (rising edge-triggered cell FDRE clocked by sfp_mgt_refclk_p)
  Path Type:              Bus Skew (Max at Slow Process Corner)
  Requirement:            6.400ns
  Endpoint Relative Delay:    0.807ns
  Reference Relative Delay:   0.235ns
  Relative CRPR:              0.004ns
  Actual Bus Skew:            0.568ns  (Endpoint Relative Delay - Reference Relative Delay - Relative CRPR)

Endpoint path:
    Location             Delay type                Incr(ns)  Path(ns)    Netlist Resource(s)
  -------------------------------------------------------------------    -------------------
                         (clock sfp_mgt_refclk_p rise edge)
                                                      0.000     0.000 r  
    E10                                               0.000     0.000 r  sfp_mgt_refclk_p (IN)
                         net (fo=0)                   0.000     0.000    sfp_1_pcs_pma_inst/inst/ten_gig_eth_pcs_pma_shared_clock_reset_block/refclk_p
    E10                  IBUF (Prop_ibuf_I_O)         0.000     0.000 r  sfp_1_pcs_pma_inst/inst/ten_gig_eth_pcs_pma_shared_clock_reset_block/refclk_p_buf/O
                         net (fo=1, routed)           0.000     0.000    sfp_1_pcs_pma_inst/inst/ten_gig_eth_pcs_pma_shared_clock_reset_block/refclk_p_buffed
    IBUFDS_GTE2_X1Y16    IBUFDS_GTE2 (Prop_ibufds_gte2_I_O)
                                                      2.135     2.135 r  sfp_1_pcs_pma_inst/inst/ten_gig_eth_pcs_pma_shared_clock_reset_block/ibufds_inst/O
                         net (fo=2, routed)           2.255     4.390    sfp_1_pcs_pma_inst/inst/ten_gig_eth_pcs_pma_shared_clock_reset_block/refclk
    BUFGCTRL_X0Y18       BUFG (Prop_bufg_I_O)         0.080     4.470 r  sfp_1_pcs_pma_inst/inst/ten_gig_eth_pcs_pma_shared_clock_reset_block/coreclk_bufg_inst/O
                         net (fo=9579, routed)        1.938     6.408    core_inst/eth_mac_10g_fifo_inst/rx_fifo/fifo_inst/coreclk_out
    SLICE_X189Y452       FDRE                                         r  core_inst/eth_mac_10g_fifo_inst/rx_fifo/fifo_inst/rd_ptr_gray_reg_reg[6]/C
  -------------------------------------------------------------------    -------------------
    SLICE_X189Y452       FDRE (Prop_fdre_C_Q)         0.198     6.606 r  core_inst/eth_mac_10g_fifo_inst/rx_fifo/fifo_inst/rd_ptr_gray_reg_reg[6]/Q
                         net (fo=1, routed)           0.500     7.106    core_inst/eth_mac_10g_fifo_inst/rx_fifo/fifo_inst/rd_ptr_gray_reg_reg_n_0_[6]
    SLICE_X189Y451       FDRE                                         r  core_inst/eth_mac_10g_fifo_inst/rx_fifo/fifo_inst/rd_ptr_gray_sync1_reg_reg[6]/D
  -------------------------------------------------------------------    -------------------

                         (clock sfp_mgt_refclk_p rise edge)
                                                      0.000     0.000 r  
    E10                                               0.000     0.000 r  sfp_mgt_refclk_p (IN)
                         net (fo=0)                   0.000     0.000    sfp_1_pcs_pma_inst/inst/ten_gig_eth_pcs_pma_shared_clock_reset_block/refclk_p
    E10                  IBUF (Prop_ibuf_I_O)         0.000     0.000 r  sfp_1_pcs_pma_inst/inst/ten_gig_eth_pcs_pma_shared_clock_reset_block/refclk_p_buf/O
                         net (fo=1, routed)           0.000     0.000    sfp_1_pcs_pma_inst/inst/ten_gig_eth_pcs_pma_shared_clock_reset_block/refclk_p_buffed
    IBUFDS_GTE2_X1Y16    IBUFDS_GTE2 (Prop_ibufds_gte2_I_O)
                                                      1.285     1.285 r  sfp_1_pcs_pma_inst/inst/ten_gig_eth_pcs_pma_shared_clock_reset_block/ibufds_inst/O
                         net (fo=2, routed)           2.079     3.364    sfp_1_pcs_pma_inst/inst/ten_gig_eth_pcs_pma_shared_clock_reset_block/refclk
    BUFGCTRL_X0Y18       BUFG (Prop_bufg_I_O)         0.072     3.436 r  sfp_1_pcs_pma_inst/inst/ten_gig_eth_pcs_pma_shared_clock_reset_block/coreclk_bufg_inst/O
                         net (fo=9579, routed)        1.515     4.951    core_inst/eth_mac_10g_fifo_inst/rx_fifo/fifo_inst/coreclk_out
    SLICE_X189Y451       FDRE                                         r  core_inst/eth_mac_10g_fifo_inst/rx_fifo/fifo_inst/rd_ptr_gray_sync1_reg_reg[6]/C
                         clock pessimism              1.434     6.385    
    SLICE_X189Y451       FDRE (Setup_fdre_C_D)       -0.086     6.299    core_inst/eth_mac_10g_fifo_inst/rx_fifo/fifo_inst/rd_ptr_gray_sync1_reg_reg[6]
  -------------------------------------------------------------------
                         data arrival                           7.106    
                         clock arrival                          6.299    
  -------------------------------------------------------------------
                         relative delay                         0.807    

Reference path:
    Location             Delay type                Incr(ns)  Path(ns)    Netlist Resource(s)
  -------------------------------------------------------------------    -------------------
                         (clock sfp_mgt_refclk_p rise edge)
                                                      0.000     0.000 r  
    E10                                               0.000     0.000 r  sfp_mgt_refclk_p (IN)
                         net (fo=0)                   0.000     0.000    sfp_1_pcs_pma_inst/inst/ten_gig_eth_pcs_pma_shared_clock_reset_block/refclk_p
    E10                  IBUF (Prop_ibuf_I_O)         0.000     0.000 r  sfp_1_pcs_pma_inst/inst/ten_gig_eth_pcs_pma_shared_clock_reset_block/refclk_p_buf/O
                         net (fo=1, routed)           0.000     0.000    sfp_1_pcs_pma_inst/inst/ten_gig_eth_pcs_pma_shared_clock_reset_block/refclk_p_buffed
    IBUFDS_GTE2_X1Y16    IBUFDS_GTE2 (Prop_ibufds_gte2_I_O)
                                                      1.285     1.285 r  sfp_1_pcs_pma_inst/inst/ten_gig_eth_pcs_pma_shared_clock_reset_block/ibufds_inst/O
                         net (fo=2, routed)           2.079     3.364    sfp_1_pcs_pma_inst/inst/ten_gig_eth_pcs_pma_shared_clock_reset_block/refclk
    BUFGCTRL_X0Y18       BUFG (Prop_bufg_I_O)         0.072     3.436 r  sfp_1_pcs_pma_inst/inst/ten_gig_eth_pcs_pma_shared_clock_reset_block/coreclk_bufg_inst/O
                         net (fo=9579, routed)        1.515     4.951    core_inst/eth_mac_10g_fifo_inst/rx_fifo/fifo_inst/coreclk_out
    SLICE_X188Y452       FDRE                                         r  core_inst/eth_mac_10g_fifo_inst/rx_fifo/fifo_inst/rd_ptr_gray_reg_reg[1]/C
  -------------------------------------------------------------------    -------------------
    SLICE_X188Y452       FDRE (Prop_fdre_C_Q)         0.204     5.155 r  core_inst/eth_mac_10g_fifo_inst/rx_fifo/fifo_inst/rd_ptr_gray_reg_reg[1]/Q
                         net (fo=1, routed)           0.223     5.377    core_inst/eth_mac_10g_fifo_inst/rx_fifo/fifo_inst/rd_ptr_gray_reg_reg_n_0_[1]
    SLICE_X186Y451       FDRE                                         r  core_inst/eth_mac_10g_fifo_inst/rx_fifo/fifo_inst/rd_ptr_gray_sync1_reg_reg[1]/D
  -------------------------------------------------------------------    -------------------

                         (clock sfp_mgt_refclk_p rise edge)
                                                      0.000     0.000 r  
    E10                                               0.000     0.000 r  sfp_mgt_refclk_p (IN)
                         net (fo=0)                   0.000     0.000    sfp_1_pcs_pma_inst/inst/ten_gig_eth_pcs_pma_shared_clock_reset_block/refclk_p
    E10                  IBUF (Prop_ibuf_I_O)         0.000     0.000 r  sfp_1_pcs_pma_inst/inst/ten_gig_eth_pcs_pma_shared_clock_reset_block/refclk_p_buf/O
                         net (fo=1, routed)           0.000     0.000    sfp_1_pcs_pma_inst/inst/ten_gig_eth_pcs_pma_shared_clock_reset_block/refclk_p_buffed
    IBUFDS_GTE2_X1Y16    IBUFDS_GTE2 (Prop_ibufds_gte2_I_O)
                                                      2.135     2.135 r  sfp_1_pcs_pma_inst/inst/ten_gig_eth_pcs_pma_shared_clock_reset_block/ibufds_inst/O
                         net (fo=2, routed)           2.255     4.390    sfp_1_pcs_pma_inst/inst/ten_gig_eth_pcs_pma_shared_clock_reset_block/refclk
    BUFGCTRL_X0Y18       BUFG (Prop_bufg_I_O)         0.080     4.470 r  sfp_1_pcs_pma_inst/inst/ten_gig_eth_pcs_pma_shared_clock_reset_block/coreclk_bufg_inst/O
                         net (fo=9579, routed)        1.937     6.407    core_inst/eth_mac_10g_fifo_inst/rx_fifo/fifo_inst/coreclk_out
    SLICE_X186Y451       FDRE                                         r  core_inst/eth_mac_10g_fifo_inst/rx_fifo/fifo_inst/rd_ptr_gray_sync1_reg_reg[1]/C
                         clock pessimism             -1.407     5.000    
    SLICE_X186Y451       FDRE (Hold_fdre_C_D)         0.143     5.143    core_inst/eth_mac_10g_fifo_inst/rx_fifo/fifo_inst/rd_ptr_gray_sync1_reg_reg[1]
  -------------------------------------------------------------------
                         data arrival                           5.377    
                         clock arrival                          5.143    
  -------------------------------------------------------------------
                         relative delay                         0.235    



Id: 2
set_bus_skew -from [get_cells -quiet {core_inst/eth_mac_10g_fifo_inst/rx_fifo/fifo_inst/wr_ptr_sync_commit_reg_reg[*]}] -to [get_cells {core_inst/eth_mac_10g_fifo_inst/rx_fifo/fifo_inst/wr_ptr_commit_sync_reg_reg[*]}] 6.400
Requirement: 6.400ns
Endpoints: 12

From Clock            To Clock              Endpoint Pin                    Reference Pin                   Corner  Actual(ns)  Slack(ns)
--------------------  --------------------  ------------------------------  ------------------------------  ------  ----------  ---------
sfp_mgt_refclk_p      sfp_mgt_refclk_p      core_inst/eth_mac_10g_fifo_inst/rx_fifo/fifo_inst/wr_ptr_commit_sync_reg_reg[1]/D
                                                                            core_inst/eth_mac_10g_fifo_inst/rx_fifo/fifo_inst/wr_ptr_commit_sync_reg_reg[6]/D
                                                                                                            Slow         0.567      5.833


Slack (MET) :             5.833ns  (requirement - actual skew)
  Endpoint Source:        core_inst/eth_mac_10g_fifo_inst/rx_fifo/fifo_inst/wr_ptr_sync_commit_reg_reg[1]/C
                            (rising edge-triggered cell FDRE clocked by sfp_mgt_refclk_p)
  Endpoint Destination:   core_inst/eth_mac_10g_fifo_inst/rx_fifo/fifo_inst/wr_ptr_commit_sync_reg_reg[1]/D
                            (rising edge-triggered cell FDRE clocked by sfp_mgt_refclk_p)
  Reference Source:       core_inst/eth_mac_10g_fifo_inst/rx_fifo/fifo_inst/wr_ptr_sync_commit_reg_reg[6]/C
                            (rising edge-triggered cell FDRE clocked by sfp_mgt_refclk_p)
  Reference Destination:  core_inst/eth_mac_10g_fifo_inst/rx_fifo/fifo_inst/wr_ptr_commit_sync_reg_reg[6]/D
                            (rising edge-triggered cell FDRE clocked by sfp_mgt_refclk_p)
  Path Type:              Bus Skew (Max at Slow Process Corner)
  Requirement:            6.400ns
  Endpoint Relative Delay:    0.770ns
  Reference Relative Delay:   0.203ns
  Relative CRPR:              0.000ns
  Actual Bus Skew:            0.567ns  (Endpoint Relative Delay - Reference Relative Delay - Relative CRPR)

Endpoint path:
    Location             Delay type                Incr(ns)  Path(ns)    Netlist Resource(s)
  -------------------------------------------------------------------    -------------------
                         (clock sfp_mgt_refclk_p rise edge)
                                                      0.000     0.000 r  
    E10                                               0.000     0.000 r  sfp_mgt_refclk_p (IN)
                         net (fo=0)                   0.000     0.000    sfp_1_pcs_pma_inst/inst/ten_gig_eth_pcs_pma_shared_clock_reset_block/refclk_p
    E10                  IBUF (Prop_ibuf_I_O)         0.000     0.000 r  sfp_1_pcs_pma_inst/inst/ten_gig_eth_pcs_pma_shared_clock_reset_block/refclk_p_buf/O
                         net (fo=1, routed)           0.000     0.000    sfp_1_pcs_pma_inst/inst/ten_gig_eth_pcs_pma_shared_clock_reset_block/refclk_p_buffed
    IBUFDS_GTE2_X1Y16    IBUFDS_GTE2 (Prop_ibufds_gte2_I_O)
                                                      2.135     2.135 r  sfp_1_pcs_pma_inst/inst/ten_gig_eth_pcs_pma_shared_clock_reset_block/ibufds_inst/O
                         net (fo=2, routed)           2.255     4.390    sfp_1_pcs_pma_inst/inst/ten_gig_eth_pcs_pma_shared_clock_reset_block/refclk
    BUFGCTRL_X0Y18       BUFG (Prop_bufg_I_O)         0.080     4.470 r  sfp_1_pcs_pma_inst/inst/ten_gig_eth_pcs_pma_shared_clock_reset_block/coreclk_bufg_inst/O
                         net (fo=9579, routed)        1.936     6.406    core_inst/eth_mac_10g_fifo_inst/rx_fifo/fifo_inst/coreclk_out
    SLICE_X183Y454       FDRE                                         r  core_inst/eth_mac_10g_fifo_inst/rx_fifo/fifo_inst/wr_ptr_sync_commit_reg_reg[1]/C
  -------------------------------------------------------------------    -------------------
    SLICE_X183Y454       FDRE (Prop_fdre_C_Q)         0.198     6.604 r  core_inst/eth_mac_10g_fifo_inst/rx_fifo/fifo_inst/wr_ptr_sync_commit_reg_reg[1]/Q
                         net (fo=1, routed)           0.505     7.109    core_inst/eth_mac_10g_fifo_inst/rx_fifo/fifo_inst/wr_ptr_sync_commit_reg_reg_n_0_[1]
    SLICE_X184Y454       FDRE                                         r  core_inst/eth_mac_10g_fifo_inst/rx_fifo/fifo_inst/wr_ptr_commit_sync_reg_reg[1]/D
  -------------------------------------------------------------------    -------------------

                         (clock sfp_mgt_refclk_p rise edge)
                                                      0.000     0.000 r  
    E10                                               0.000     0.000 r  sfp_mgt_refclk_p (IN)
                         net (fo=0)                   0.000     0.000    sfp_1_pcs_pma_inst/inst/ten_gig_eth_pcs_pma_shared_clock_reset_block/refclk_p
    E10                  IBUF (Prop_ibuf_I_O)         0.000     0.000 r  sfp_1_pcs_pma_inst/inst/ten_gig_eth_pcs_pma_shared_clock_reset_block/refclk_p_buf/O
                         net (fo=1, routed)           0.000     0.000    sfp_1_pcs_pma_inst/inst/ten_gig_eth_pcs_pma_shared_clock_reset_block/refclk_p_buffed
    IBUFDS_GTE2_X1Y16    IBUFDS_GTE2 (Prop_ibufds_gte2_I_O)
                                                      1.285     1.285 r  sfp_1_pcs_pma_inst/inst/ten_gig_eth_pcs_pma_shared_clock_reset_block/ibufds_inst/O
                         net (fo=2, routed)           2.079     3.364    sfp_1_pcs_pma_inst/inst/ten_gig_eth_pcs_pma_shared_clock_reset_block/refclk
    BUFGCTRL_X0Y18       BUFG (Prop_bufg_I_O)         0.072     3.436 r  sfp_1_pcs_pma_inst/inst/ten_gig_eth_pcs_pma_shared_clock_reset_block/coreclk_bufg_inst/O
                         net (fo=9579, routed)        1.514     4.950    core_inst/eth_mac_10g_fifo_inst/rx_fifo/fifo_inst/coreclk_out
    SLICE_X184Y454       FDRE                                         r  core_inst/eth_mac_10g_fifo_inst/rx_fifo/fifo_inst/wr_ptr_commit_sync_reg_reg[1]/C
                         clock pessimism              1.433     6.383    
    SLICE_X184Y454       FDRE (Setup_fdre_C_D)       -0.044     6.339    core_inst/eth_mac_10g_fifo_inst/rx_fifo/fifo_inst/wr_ptr_commit_sync_reg_reg[1]
  -------------------------------------------------------------------
                         data arrival                           7.109    
                         clock arrival                          6.339    
  -------------------------------------------------------------------
                         relative delay                         0.770    

Reference path:
    Location             Delay type                Incr(ns)  Path(ns)    Netlist Resource(s)
  -------------------------------------------------------------------    -------------------
                         (clock sfp_mgt_refclk_p rise edge)
                                                      0.000     0.000 r  
    E10                                               0.000     0.000 r  sfp_mgt_refclk_p (IN)
                         net (fo=0)                   0.000     0.000    sfp_1_pcs_pma_inst/inst/ten_gig_eth_pcs_pma_shared_clock_reset_block/refclk_p
    E10                  IBUF (Prop_ibuf_I_O)         0.000     0.000 r  sfp_1_pcs_pma_inst/inst/ten_gig_eth_pcs_pma_shared_clock_reset_block/refclk_p_buf/O
                         net (fo=1, routed)           0.000     0.000    sfp_1_pcs_pma_inst/inst/ten_gig_eth_pcs_pma_shared_clock_reset_block/refclk_p_buffed
    IBUFDS_GTE2_X1Y16    IBUFDS_GTE2 (Prop_ibufds_gte2_I_O)
                                                      1.285     1.285 r  sfp_1_pcs_pma_inst/inst/ten_gig_eth_pcs_pma_shared_clock_reset_block/ibufds_inst/O
                         net (fo=2, routed)           2.079     3.364    sfp_1_pcs_pma_inst/inst/ten_gig_eth_pcs_pma_shared_clock_reset_block/refclk
    BUFGCTRL_X0Y18       BUFG (Prop_bufg_I_O)         0.072     3.436 r  sfp_1_pcs_pma_inst/inst/ten_gig_eth_pcs_pma_shared_clock_reset_block/coreclk_bufg_inst/O
                         net (fo=9579, routed)        1.514     4.950    core_inst/eth_mac_10g_fifo_inst/rx_fifo/fifo_inst/coreclk_out
    SLICE_X185Y453       FDRE                                         r  core_inst/eth_mac_10g_fifo_inst/rx_fifo/fifo_inst/wr_ptr_sync_commit_reg_reg[6]/C
  -------------------------------------------------------------------    -------------------
    SLICE_X185Y453       FDRE (Prop_fdre_C_Q)         0.173     5.123 r  core_inst/eth_mac_10g_fifo_inst/rx_fifo/fifo_inst/wr_ptr_sync_commit_reg_reg[6]/Q
                         net (fo=1, routed)           0.196     5.319    core_inst/eth_mac_10g_fifo_inst/rx_fifo/fifo_inst/wr_ptr_sync_commit_reg_reg_n_0_[6]
    SLICE_X184Y453       FDRE                                         r  core_inst/eth_mac_10g_fifo_inst/rx_fifo/fifo_inst/wr_ptr_commit_sync_reg_reg[6]/D
  -------------------------------------------------------------------    -------------------

                         (clock sfp_mgt_refclk_p rise edge)
                                                      0.000     0.000 r  
    E10                                               0.000     0.000 r  sfp_mgt_refclk_p (IN)
                         net (fo=0)                   0.000     0.000    sfp_1_pcs_pma_inst/inst/ten_gig_eth_pcs_pma_shared_clock_reset_block/refclk_p
    E10                  IBUF (Prop_ibuf_I_O)         0.000     0.000 r  sfp_1_pcs_pma_inst/inst/ten_gig_eth_pcs_pma_shared_clock_reset_block/refclk_p_buf/O
                         net (fo=1, routed)           0.000     0.000    sfp_1_pcs_pma_inst/inst/ten_gig_eth_pcs_pma_shared_clock_reset_block/refclk_p_buffed
    IBUFDS_GTE2_X1Y16    IBUFDS_GTE2 (Prop_ibufds_gte2_I_O)
                                                      2.135     2.135 r  sfp_1_pcs_pma_inst/inst/ten_gig_eth_pcs_pma_shared_clock_reset_block/ibufds_inst/O
                         net (fo=2, routed)           2.255     4.390    sfp_1_pcs_pma_inst/inst/ten_gig_eth_pcs_pma_shared_clock_reset_block/refclk
    BUFGCTRL_X0Y18       BUFG (Prop_bufg_I_O)         0.080     4.470 r  sfp_1_pcs_pma_inst/inst/ten_gig_eth_pcs_pma_shared_clock_reset_block/coreclk_bufg_inst/O
                         net (fo=9579, routed)        1.936     6.406    core_inst/eth_mac_10g_fifo_inst/rx_fifo/fifo_inst/coreclk_out
    SLICE_X184Y453       FDRE                                         r  core_inst/eth_mac_10g_fifo_inst/rx_fifo/fifo_inst/wr_ptr_commit_sync_reg_reg[6]/C
                         clock pessimism             -1.437     4.969    
    SLICE_X184Y453       FDRE (Hold_fdre_C_D)         0.147     5.116    core_inst/eth_mac_10g_fifo_inst/rx_fifo/fifo_inst/wr_ptr_commit_sync_reg_reg[6]
  -------------------------------------------------------------------
                         data arrival                           5.319    
                         clock arrival                          5.116    
  -------------------------------------------------------------------
                         relative delay                         0.203    



Id: 3
set_bus_skew -from [get_cells {{core_inst/eth_mac_10g_fifo_inst/tx_fifo/fifo_inst/rd_ptr_reg_reg[*]} {core_inst/eth_mac_10g_fifo_inst/tx_fifo/fifo_inst/rd_ptr_gray_reg_reg[*]}}] -to [get_cells {core_inst/eth_mac_10g_fifo_inst/tx_fifo/fifo_inst/rd_ptr_gray_sync1_reg_reg[*]}] 6.400
Requirement: 6.400ns
Endpoints: 12

From Clock            To Clock              Endpoint Pin                    Reference Pin                   Corner  Actual(ns)  Slack(ns)
--------------------  --------------------  ------------------------------  ------------------------------  ------  ----------  ---------
sfp_mgt_refclk_p      sfp_mgt_refclk_p      core_inst/eth_mac_10g_fifo_inst/tx_fifo/fifo_inst/rd_ptr_gray_sync1_reg_reg[6]/D
                                                                            core_inst/eth_mac_10g_fifo_inst/tx_fifo/fifo_inst/rd_ptr_gray_sync1_reg_reg[1]/D
                                                                                                            Slow         0.552      5.848


Slack (MET) :             5.848ns  (requirement - actual skew)
  Endpoint Source:        core_inst/eth_mac_10g_fifo_inst/tx_fifo/fifo_inst/rd_ptr_gray_reg_reg[6]/C
                            (rising edge-triggered cell FDRE clocked by sfp_mgt_refclk_p)
  Endpoint Destination:   core_inst/eth_mac_10g_fifo_inst/tx_fifo/fifo_inst/rd_ptr_gray_sync1_reg_reg[6]/D
                            (rising edge-triggered cell FDRE clocked by sfp_mgt_refclk_p)
  Reference Source:       core_inst/eth_mac_10g_fifo_inst/tx_fifo/fifo_inst/rd_ptr_gray_reg_reg[1]/C
                            (rising edge-triggered cell FDRE clocked by sfp_mgt_refclk_p)
  Reference Destination:  core_inst/eth_mac_10g_fifo_inst/tx_fifo/fifo_inst/rd_ptr_gray_sync1_reg_reg[1]/D
                            (rising edge-triggered cell FDRE clocked by sfp_mgt_refclk_p)
  Path Type:              Bus Skew (Max at Slow Process Corner)
  Requirement:            6.400ns
  Endpoint Relative Delay:    0.783ns
  Reference Relative Delay:   0.231ns
  Relative CRPR:              0.000ns
  Actual Bus Skew:            0.552ns  (Endpoint Relative Delay - Reference Relative Delay - Relative CRPR)

Endpoint path:
    Location             Delay type                Incr(ns)  Path(ns)    Netlist Resource(s)
  -------------------------------------------------------------------    -------------------
                         (clock sfp_mgt_refclk_p rise edge)
                                                      0.000     0.000 r  
    E10                                               0.000     0.000 r  sfp_mgt_refclk_p (IN)
                         net (fo=0)                   0.000     0.000    sfp_1_pcs_pma_inst/inst/ten_gig_eth_pcs_pma_shared_clock_reset_block/refclk_p
    E10                  IBUF (Prop_ibuf_I_O)         0.000     0.000 r  sfp_1_pcs_pma_inst/inst/ten_gig_eth_pcs_pma_shared_clock_reset_block/refclk_p_buf/O
                         net (fo=1, routed)           0.000     0.000    sfp_1_pcs_pma_inst/inst/ten_gig_eth_pcs_pma_shared_clock_reset_block/refclk_p_buffed
    IBUFDS_GTE2_X1Y16    IBUFDS_GTE2 (Prop_ibufds_gte2_I_O)
                                                      2.135     2.135 r  sfp_1_pcs_pma_inst/inst/ten_gig_eth_pcs_pma_shared_clock_reset_block/ibufds_inst/O
                         net (fo=2, routed)           2.255     4.390    sfp_1_pcs_pma_inst/inst/ten_gig_eth_pcs_pma_shared_clock_reset_block/refclk
    BUFGCTRL_X0Y18       BUFG (Prop_bufg_I_O)         0.080     4.470 r  sfp_1_pcs_pma_inst/inst/ten_gig_eth_pcs_pma_shared_clock_reset_block/coreclk_bufg_inst/O
                         net (fo=9579, routed)        1.933     6.403    core_inst/eth_mac_10g_fifo_inst/tx_fifo/fifo_inst/coreclk_out
    SLICE_X175Y456       FDRE                                         r  core_inst/eth_mac_10g_fifo_inst/tx_fifo/fifo_inst/rd_ptr_gray_reg_reg[6]/C
  -------------------------------------------------------------------    -------------------
    SLICE_X175Y456       FDRE (Prop_fdre_C_Q)         0.198     6.601 r  core_inst/eth_mac_10g_fifo_inst/tx_fifo/fifo_inst/rd_ptr_gray_reg_reg[6]/Q
                         net (fo=1, routed)           0.475     7.076    core_inst/eth_mac_10g_fifo_inst/tx_fifo/fifo_inst/rd_ptr_gray_reg[6]
    SLICE_X175Y454       FDRE                                         r  core_inst/eth_mac_10g_fifo_inst/tx_fifo/fifo_inst/rd_ptr_gray_sync1_reg_reg[6]/D
  -------------------------------------------------------------------    -------------------

                         (clock sfp_mgt_refclk_p rise edge)
                                                      0.000     0.000 r  
    E10                                               0.000     0.000 r  sfp_mgt_refclk_p (IN)
                         net (fo=0)                   0.000     0.000    sfp_1_pcs_pma_inst/inst/ten_gig_eth_pcs_pma_shared_clock_reset_block/refclk_p
    E10                  IBUF (Prop_ibuf_I_O)         0.000     0.000 r  sfp_1_pcs_pma_inst/inst/ten_gig_eth_pcs_pma_shared_clock_reset_block/refclk_p_buf/O
                         net (fo=1, routed)           0.000     0.000    sfp_1_pcs_pma_inst/inst/ten_gig_eth_pcs_pma_shared_clock_reset_block/refclk_p_buffed
    IBUFDS_GTE2_X1Y16    IBUFDS_GTE2 (Prop_ibufds_gte2_I_O)
                                                      1.285     1.285 r  sfp_1_pcs_pma_inst/inst/ten_gig_eth_pcs_pma_shared_clock_reset_block/ibufds_inst/O
                         net (fo=2, routed)           2.079     3.364    sfp_1_pcs_pma_inst/inst/ten_gig_eth_pcs_pma_shared_clock_reset_block/refclk
    BUFGCTRL_X0Y18       BUFG (Prop_bufg_I_O)         0.072     3.436 r  sfp_1_pcs_pma_inst/inst/ten_gig_eth_pcs_pma_shared_clock_reset_block/coreclk_bufg_inst/O
                         net (fo=9579, routed)        1.511     4.947    core_inst/eth_mac_10g_fifo_inst/tx_fifo/fifo_inst/coreclk_out
    SLICE_X175Y454       FDRE                                         r  core_inst/eth_mac_10g_fifo_inst/tx_fifo/fifo_inst/rd_ptr_gray_sync1_reg_reg[6]/C
                         clock pessimism              1.434     6.381    
    SLICE_X175Y454       FDRE (Setup_fdre_C_D)       -0.088     6.293    core_inst/eth_mac_10g_fifo_inst/tx_fifo/fifo_inst/rd_ptr_gray_sync1_reg_reg[6]
  -------------------------------------------------------------------
                         data arrival                           7.076    
                         clock arrival                          6.293    
  -------------------------------------------------------------------
                         relative delay                         0.783    

Reference path:
    Location             Delay type                Incr(ns)  Path(ns)    Netlist Resource(s)
  -------------------------------------------------------------------    -------------------
                         (clock sfp_mgt_refclk_p rise edge)
                                                      0.000     0.000 r  
    E10                                               0.000     0.000 r  sfp_mgt_refclk_p (IN)
                         net (fo=0)                   0.000     0.000    sfp_1_pcs_pma_inst/inst/ten_gig_eth_pcs_pma_shared_clock_reset_block/refclk_p
    E10                  IBUF (Prop_ibuf_I_O)         0.000     0.000 r  sfp_1_pcs_pma_inst/inst/ten_gig_eth_pcs_pma_shared_clock_reset_block/refclk_p_buf/O
                         net (fo=1, routed)           0.000     0.000    sfp_1_pcs_pma_inst/inst/ten_gig_eth_pcs_pma_shared_clock_reset_block/refclk_p_buffed
    IBUFDS_GTE2_X1Y16    IBUFDS_GTE2 (Prop_ibufds_gte2_I_O)
                                                      1.285     1.285 r  sfp_1_pcs_pma_inst/inst/ten_gig_eth_pcs_pma_shared_clock_reset_block/ibufds_inst/O
                         net (fo=2, routed)           2.079     3.364    sfp_1_pcs_pma_inst/inst/ten_gig_eth_pcs_pma_shared_clock_reset_block/refclk
    BUFGCTRL_X0Y18       BUFG (Prop_bufg_I_O)         0.072     3.436 r  sfp_1_pcs_pma_inst/inst/ten_gig_eth_pcs_pma_shared_clock_reset_block/coreclk_bufg_inst/O
                         net (fo=9579, routed)        1.511     4.947    core_inst/eth_mac_10g_fifo_inst/tx_fifo/fifo_inst/coreclk_out
    SLICE_X175Y455       FDRE                                         r  core_inst/eth_mac_10g_fifo_inst/tx_fifo/fifo_inst/rd_ptr_gray_reg_reg[1]/C
  -------------------------------------------------------------------    -------------------
    SLICE_X175Y455       FDRE (Prop_fdre_C_Q)         0.173     5.120 r  core_inst/eth_mac_10g_fifo_inst/tx_fifo/fifo_inst/rd_ptr_gray_reg_reg[1]/Q
                         net (fo=1, routed)           0.220     5.340    core_inst/eth_mac_10g_fifo_inst/tx_fifo/fifo_inst/rd_ptr_gray_reg[1]
    SLICE_X174Y455       FDRE                                         r  core_inst/eth_mac_10g_fifo_inst/tx_fifo/fifo_inst/rd_ptr_gray_sync1_reg_reg[1]/D
  -------------------------------------------------------------------    -------------------

                         (clock sfp_mgt_refclk_p rise edge)
                                                      0.000     0.000 r  
    E10                                               0.000     0.000 r  sfp_mgt_refclk_p (IN)
                         net (fo=0)                   0.000     0.000    sfp_1_pcs_pma_inst/inst/ten_gig_eth_pcs_pma_shared_clock_reset_block/refclk_p
    E10                  IBUF (Prop_ibuf_I_O)         0.000     0.000 r  sfp_1_pcs_pma_inst/inst/ten_gig_eth_pcs_pma_shared_clock_reset_block/refclk_p_buf/O
                         net (fo=1, routed)           0.000     0.000    sfp_1_pcs_pma_inst/inst/ten_gig_eth_pcs_pma_shared_clock_reset_block/refclk_p_buffed
    IBUFDS_GTE2_X1Y16    IBUFDS_GTE2 (Prop_ibufds_gte2_I_O)
                                                      2.135     2.135 r  sfp_1_pcs_pma_inst/inst/ten_gig_eth_pcs_pma_shared_clock_reset_block/ibufds_inst/O
                         net (fo=2, routed)           2.255     4.390    sfp_1_pcs_pma_inst/inst/ten_gig_eth_pcs_pma_shared_clock_reset_block/refclk
    BUFGCTRL_X0Y18       BUFG (Prop_bufg_I_O)         0.080     4.470 r  sfp_1_pcs_pma_inst/inst/ten_gig_eth_pcs_pma_shared_clock_reset_block/coreclk_bufg_inst/O
                         net (fo=9579, routed)        1.934     6.404    core_inst/eth_mac_10g_fifo_inst/tx_fifo/fifo_inst/coreclk_out
    SLICE_X174Y455       FDRE                                         r  core_inst/eth_mac_10g_fifo_inst/tx_fifo/fifo_inst/rd_ptr_gray_sync1_reg_reg[1]/C
                         clock pessimism             -1.438     4.966    
    SLICE_X174Y455       FDRE (Hold_fdre_C_D)         0.143     5.109    core_inst/eth_mac_10g_fifo_inst/tx_fifo/fifo_inst/rd_ptr_gray_sync1_reg_reg[1]
  -------------------------------------------------------------------
                         data arrival                           5.340    
                         clock arrival                          5.109    
  -------------------------------------------------------------------
                         relative delay                         0.231    



Id: 4
set_bus_skew -from [get_cells -quiet {core_inst/eth_mac_10g_fifo_inst/tx_fifo/fifo_inst/wr_ptr_sync_commit_reg_reg[*]}] -to [get_cells {core_inst/eth_mac_10g_fifo_inst/tx_fifo/fifo_inst/wr_ptr_commit_sync_reg_reg[*]}] 6.400
Requirement: 6.400ns
Endpoints: 12

From Clock            To Clock              Endpoint Pin                    Reference Pin                   Corner  Actual(ns)  Slack(ns)
--------------------  --------------------  ------------------------------  ------------------------------  ------  ----------  ---------
sfp_mgt_refclk_p      sfp_mgt_refclk_p      core_inst/eth_mac_10g_fifo_inst/tx_fifo/fifo_inst/wr_ptr_commit_sync_reg_reg[11]/D
                                                                            core_inst/eth_mac_10g_fifo_inst/tx_fifo/fifo_inst/wr_ptr_commit_sync_reg_reg[6]/D
                                                                                                            Slow         0.401      5.999


Slack (MET) :             5.999ns  (requirement - actual skew)
  Endpoint Source:        core_inst/eth_mac_10g_fifo_inst/tx_fifo/fifo_inst/wr_ptr_sync_commit_reg_reg[11]/C
                            (rising edge-triggered cell FDRE clocked by sfp_mgt_refclk_p)
  Endpoint Destination:   core_inst/eth_mac_10g_fifo_inst/tx_fifo/fifo_inst/wr_ptr_commit_sync_reg_reg[11]/D
                            (rising edge-triggered cell FDRE clocked by sfp_mgt_refclk_p)
  Reference Source:       core_inst/eth_mac_10g_fifo_inst/tx_fifo/fifo_inst/wr_ptr_sync_commit_reg_reg[6]/C
                            (rising edge-triggered cell FDRE clocked by sfp_mgt_refclk_p)
  Reference Destination:  core_inst/eth_mac_10g_fifo_inst/tx_fifo/fifo_inst/wr_ptr_commit_sync_reg_reg[6]/D
                            (rising edge-triggered cell FDRE clocked by sfp_mgt_refclk_p)
  Path Type:              Bus Skew (Max at Slow Process Corner)
  Requirement:            6.400ns
  Endpoint Relative Delay:    0.699ns
  Reference Relative Delay:   0.250ns
  Relative CRPR:              0.049ns
  Actual Bus Skew:            0.401ns  (Endpoint Relative Delay - Reference Relative Delay - Relative CRPR)

Endpoint path:
    Location             Delay type                Incr(ns)  Path(ns)    Netlist Resource(s)
  -------------------------------------------------------------------    -------------------
                         (clock sfp_mgt_refclk_p rise edge)
                                                      0.000     0.000 r  
    E10                                               0.000     0.000 r  sfp_mgt_refclk_p (IN)
                         net (fo=0)                   0.000     0.000    sfp_1_pcs_pma_inst/inst/ten_gig_eth_pcs_pma_shared_clock_reset_block/refclk_p
    E10                  IBUF (Prop_ibuf_I_O)         0.000     0.000 r  sfp_1_pcs_pma_inst/inst/ten_gig_eth_pcs_pma_shared_clock_reset_block/refclk_p_buf/O
                         net (fo=1, routed)           0.000     0.000    sfp_1_pcs_pma_inst/inst/ten_gig_eth_pcs_pma_shared_clock_reset_block/refclk_p_buffed
    IBUFDS_GTE2_X1Y16    IBUFDS_GTE2 (Prop_ibufds_gte2_I_O)
                                                      2.135     2.135 r  sfp_1_pcs_pma_inst/inst/ten_gig_eth_pcs_pma_shared_clock_reset_block/ibufds_inst/O
                         net (fo=2, routed)           2.255     4.390    sfp_1_pcs_pma_inst/inst/ten_gig_eth_pcs_pma_shared_clock_reset_block/refclk
    BUFGCTRL_X0Y18       BUFG (Prop_bufg_I_O)         0.080     4.470 r  sfp_1_pcs_pma_inst/inst/ten_gig_eth_pcs_pma_shared_clock_reset_block/coreclk_bufg_inst/O
                         net (fo=9579, routed)        1.890     6.360    core_inst/eth_mac_10g_fifo_inst/tx_fifo/fifo_inst/coreclk_out
    SLICE_X173Y457       FDRE                                         r  core_inst/eth_mac_10g_fifo_inst/tx_fifo/fifo_inst/wr_ptr_sync_commit_reg_reg[11]/C
  -------------------------------------------------------------------    -------------------
    SLICE_X173Y457       FDRE (Prop_fdre_C_Q)         0.198     6.558 r  core_inst/eth_mac_10g_fifo_inst/tx_fifo/fifo_inst/wr_ptr_sync_commit_reg_reg[11]/Q
                         net (fo=1, routed)           0.395     6.953    core_inst/eth_mac_10g_fifo_inst/tx_fifo/fifo_inst/wr_ptr_sync_commit_reg[11]
    SLICE_X177Y457       FDRE                                         r  core_inst/eth_mac_10g_fifo_inst/tx_fifo/fifo_inst/wr_ptr_commit_sync_reg_reg[11]/D
  -------------------------------------------------------------------    -------------------

                         (clock sfp_mgt_refclk_p rise edge)
                                                      0.000     0.000 r  
    E10                                               0.000     0.000 r  sfp_mgt_refclk_p (IN)
                         net (fo=0)                   0.000     0.000    sfp_1_pcs_pma_inst/inst/ten_gig_eth_pcs_pma_shared_clock_reset_block/refclk_p
    E10                  IBUF (Prop_ibuf_I_O)         0.000     0.000 r  sfp_1_pcs_pma_inst/inst/ten_gig_eth_pcs_pma_shared_clock_reset_block/refclk_p_buf/O
                         net (fo=1, routed)           0.000     0.000    sfp_1_pcs_pma_inst/inst/ten_gig_eth_pcs_pma_shared_clock_reset_block/refclk_p_buffed
    IBUFDS_GTE2_X1Y16    IBUFDS_GTE2 (Prop_ibufds_gte2_I_O)
                                                      1.285     1.285 r  sfp_1_pcs_pma_inst/inst/ten_gig_eth_pcs_pma_shared_clock_reset_block/ibufds_inst/O
                         net (fo=2, routed)           2.079     3.364    sfp_1_pcs_pma_inst/inst/ten_gig_eth_pcs_pma_shared_clock_reset_block/refclk
    BUFGCTRL_X0Y18       BUFG (Prop_bufg_I_O)         0.072     3.436 r  sfp_1_pcs_pma_inst/inst/ten_gig_eth_pcs_pma_shared_clock_reset_block/coreclk_bufg_inst/O
                         net (fo=9579, routed)        1.511     4.947    core_inst/eth_mac_10g_fifo_inst/tx_fifo/fifo_inst/coreclk_out
    SLICE_X177Y457       FDRE                                         r  core_inst/eth_mac_10g_fifo_inst/tx_fifo/fifo_inst/wr_ptr_commit_sync_reg_reg[11]/C
                         clock pessimism              1.407     6.354    
    SLICE_X177Y457       FDRE (Setup_fdre_C_D)       -0.100     6.254    core_inst/eth_mac_10g_fifo_inst/tx_fifo/fifo_inst/wr_ptr_commit_sync_reg_reg[11]
  -------------------------------------------------------------------
                         data arrival                           6.953    
                         clock arrival                          6.254    
  -------------------------------------------------------------------
                         relative delay                         0.699    

Reference path:
    Location             Delay type                Incr(ns)  Path(ns)    Netlist Resource(s)
  -------------------------------------------------------------------    -------------------
                         (clock sfp_mgt_refclk_p rise edge)
                                                      0.000     0.000 r  
    E10                                               0.000     0.000 r  sfp_mgt_refclk_p (IN)
                         net (fo=0)                   0.000     0.000    sfp_1_pcs_pma_inst/inst/ten_gig_eth_pcs_pma_shared_clock_reset_block/refclk_p
    E10                  IBUF (Prop_ibuf_I_O)         0.000     0.000 r  sfp_1_pcs_pma_inst/inst/ten_gig_eth_pcs_pma_shared_clock_reset_block/refclk_p_buf/O
                         net (fo=1, routed)           0.000     0.000    sfp_1_pcs_pma_inst/inst/ten_gig_eth_pcs_pma_shared_clock_reset_block/refclk_p_buffed
    IBUFDS_GTE2_X1Y16    IBUFDS_GTE2 (Prop_ibufds_gte2_I_O)
                                                      1.285     1.285 r  sfp_1_pcs_pma_inst/inst/ten_gig_eth_pcs_pma_shared_clock_reset_block/ibufds_inst/O
                         net (fo=2, routed)           2.079     3.364    sfp_1_pcs_pma_inst/inst/ten_gig_eth_pcs_pma_shared_clock_reset_block/refclk
    BUFGCTRL_X0Y18       BUFG (Prop_bufg_I_O)         0.072     3.436 r  sfp_1_pcs_pma_inst/inst/ten_gig_eth_pcs_pma_shared_clock_reset_block/coreclk_bufg_inst/O
                         net (fo=9579, routed)        1.468     4.904    core_inst/eth_mac_10g_fifo_inst/tx_fifo/fifo_inst/coreclk_out
    SLICE_X173Y457       FDRE                                         r  core_inst/eth_mac_10g_fifo_inst/tx_fifo/fifo_inst/wr_ptr_sync_commit_reg_reg[6]/C
  -------------------------------------------------------------------    -------------------
    SLICE_X173Y457       FDRE (Prop_fdre_C_Q)         0.173     5.077 r  core_inst/eth_mac_10g_fifo_inst/tx_fifo/fifo_inst/wr_ptr_sync_commit_reg_reg[6]/Q
                         net (fo=1, routed)           0.268     5.345    core_inst/eth_mac_10g_fifo_inst/tx_fifo/fifo_inst/wr_ptr_sync_commit_reg[6]
    SLICE_X175Y457       FDRE                                         r  core_inst/eth_mac_10g_fifo_inst/tx_fifo/fifo_inst/wr_ptr_commit_sync_reg_reg[6]/D
  -------------------------------------------------------------------    -------------------

                         (clock sfp_mgt_refclk_p rise edge)
                                                      0.000     0.000 r  
    E10                                               0.000     0.000 r  sfp_mgt_refclk_p (IN)
                         net (fo=0)                   0.000     0.000    sfp_1_pcs_pma_inst/inst/ten_gig_eth_pcs_pma_shared_clock_reset_block/refclk_p
    E10                  IBUF (Prop_ibuf_I_O)         0.000     0.000 r  sfp_1_pcs_pma_inst/inst/ten_gig_eth_pcs_pma_shared_clock_reset_block/refclk_p_buf/O
                         net (fo=1, routed)           0.000     0.000    sfp_1_pcs_pma_inst/inst/ten_gig_eth_pcs_pma_shared_clock_reset_block/refclk_p_buffed
    IBUFDS_GTE2_X1Y16    IBUFDS_GTE2 (Prop_ibufds_gte2_I_O)
                                                      2.135     2.135 r  sfp_1_pcs_pma_inst/inst/ten_gig_eth_pcs_pma_shared_clock_reset_block/ibufds_inst/O
                         net (fo=2, routed)           2.255     4.390    sfp_1_pcs_pma_inst/inst/ten_gig_eth_pcs_pma_shared_clock_reset_block/refclk
    BUFGCTRL_X0Y18       BUFG (Prop_bufg_I_O)         0.080     4.470 r  sfp_1_pcs_pma_inst/inst/ten_gig_eth_pcs_pma_shared_clock_reset_block/coreclk_bufg_inst/O
                         net (fo=9579, routed)        1.933     6.403    core_inst/eth_mac_10g_fifo_inst/tx_fifo/fifo_inst/coreclk_out
    SLICE_X175Y457       FDRE                                         r  core_inst/eth_mac_10g_fifo_inst/tx_fifo/fifo_inst/wr_ptr_commit_sync_reg_reg[6]/C
                         clock pessimism             -1.407     4.996    
    SLICE_X175Y457       FDRE (Hold_fdre_C_D)         0.099     5.095    core_inst/eth_mac_10g_fifo_inst/tx_fifo/fifo_inst/wr_ptr_commit_sync_reg_reg[6]
  -------------------------------------------------------------------
                         data arrival                           5.345    
                         clock arrival                          5.095    
  -------------------------------------------------------------------
                         relative delay                         0.250    



