Copyright 1986-2022 Xilinx, Inc. All Rights Reserved. Copyright 2022-2024 Advanced Micro Devices, Inc. All Rights Reserved.
---------------------------------------------------------------------------------------------------------------------------------------------
| Tool Version : Vivado v.2024.2 (lin64) Build 5239630 Fri Nov 08 22:34:34 MST 2024
| Date         : Fri Jan 23 12:44:16 2026
| Host         : design-lab running 64-bit Ubuntu 24.04.3 LTS
| Command      : report_bus_skew -warn_on_violation -file fpga_bus_skew_routed.rpt -pb fpga_bus_skew_routed.pb -rpx fpga_bus_skew_routed.rpx
| Design       : fpga
| Device       : 7vx690t-ffg1761
| Speed File   : -3  PRODUCTION 1.11 2014-09-11
| Design State : Routed
---------------------------------------------------------------------------------------------------------------------------------------------

Bus Skew Report

Table of Contents
-----------------
1. Bus Skew Report Summary
2. Bus Skew Report Per Constraint

1. Bus Skew Report Summary
--------------------------

Id  Position  From                            To                              Corner  Requirement(ns)  Actual(ns)  Slack(ns)
--  --------  ------------------------------  ------------------------------  ------  ---------------  ----------  ---------
1   176       [get_cells {{core_inst/eth_mac_10g_fifo_inst/rx_fifo/fifo_inst/rd_ptr_reg_reg[*]} {core_inst/eth_mac_10g_fifo_inst/rx_fifo/fifo_inst/rd_ptr_gray_reg_reg[*]}}]
                                              [get_cells {core_inst/eth_mac_10g_fifo_inst/rx_fifo/fifo_inst/rd_ptr_gray_sync1_reg_reg[*]}]
                                                                              Slow              6.400       0.423      5.977
2   178       [get_cells -quiet {core_inst/eth_mac_10g_fifo_inst/rx_fifo/fifo_inst/wr_ptr_sync_commit_reg_reg[*]}]
                                              [get_cells {core_inst/eth_mac_10g_fifo_inst/rx_fifo/fifo_inst/wr_ptr_commit_sync_reg_reg[*]}]
                                                                              Slow              6.400       0.586      5.814
3   182       [get_cells {{core_inst/eth_mac_10g_fifo_inst/tx_fifo/fifo_inst/rd_ptr_reg_reg[*]} {core_inst/eth_mac_10g_fifo_inst/tx_fifo/fifo_inst/rd_ptr_gray_reg_reg[*]}}]
                                              [get_cells {core_inst/eth_mac_10g_fifo_inst/tx_fifo/fifo_inst/rd_ptr_gray_sync1_reg_reg[*]}]
                                                                              Slow              6.400       0.511      5.889
4   184       [get_cells -quiet {core_inst/eth_mac_10g_fifo_inst/tx_fifo/fifo_inst/wr_ptr_sync_commit_reg_reg[*]}]
                                              [get_cells {core_inst/eth_mac_10g_fifo_inst/tx_fifo/fifo_inst/wr_ptr_commit_sync_reg_reg[*]}]
                                                                              Slow              6.400       0.539      5.861


2. Bus Skew Report Per Constraint
---------------------------------

Id: 1
set_bus_skew -from [get_cells {{core_inst/eth_mac_10g_fifo_inst/rx_fifo/fifo_inst/rd_ptr_reg_reg[*]} {core_inst/eth_mac_10g_fifo_inst/rx_fifo/fifo_inst/rd_ptr_gray_reg_reg[*]}}] -to [get_cells {core_inst/eth_mac_10g_fifo_inst/rx_fifo/fifo_inst/rd_ptr_gray_sync1_reg_reg[*]}] 6.400
Requirement: 6.400ns
Endpoints: 14

From Clock            To Clock              Endpoint Pin                    Reference Pin                   Corner  Actual(ns)  Slack(ns)
--------------------  --------------------  ------------------------------  ------------------------------  ------  ----------  ---------
sfp_mgt_refclk_p      sfp_mgt_refclk_p      core_inst/eth_mac_10g_fifo_inst/rx_fifo/fifo_inst/rd_ptr_gray_sync1_reg_reg[10]/D
                                                                            core_inst/eth_mac_10g_fifo_inst/rx_fifo/fifo_inst/rd_ptr_gray_sync1_reg_reg[13]/D
                                                                                                            Slow         0.423      5.977


Slack (MET) :             5.977ns  (requirement - actual skew)
  Endpoint Source:        core_inst/eth_mac_10g_fifo_inst/rx_fifo/fifo_inst/rd_ptr_gray_reg_reg[10]/C
                            (rising edge-triggered cell FDRE clocked by sfp_mgt_refclk_p)
  Endpoint Destination:   core_inst/eth_mac_10g_fifo_inst/rx_fifo/fifo_inst/rd_ptr_gray_sync1_reg_reg[10]/D
                            (rising edge-triggered cell FDRE clocked by sfp_mgt_refclk_p)
  Reference Source:       core_inst/eth_mac_10g_fifo_inst/rx_fifo/fifo_inst/rd_ptr_gray_reg_reg[13]/C
                            (rising edge-triggered cell FDRE clocked by sfp_mgt_refclk_p)
  Reference Destination:  core_inst/eth_mac_10g_fifo_inst/rx_fifo/fifo_inst/rd_ptr_gray_sync1_reg_reg[13]/D
                            (rising edge-triggered cell FDRE clocked by sfp_mgt_refclk_p)
  Path Type:              Bus Skew (Max at Slow Process Corner)
  Requirement:            6.400ns
  Endpoint Relative Delay:    0.686ns
  Reference Relative Delay:   0.263ns
  Relative CRPR:              0.000ns
  Actual Bus Skew:            0.423ns  (Endpoint Relative Delay - Reference Relative Delay - Relative CRPR)

Endpoint path:
    Location             Delay type                Incr(ns)  Path(ns)    Netlist Resource(s)
  -------------------------------------------------------------------    -------------------
                         (clock sfp_mgt_refclk_p rise edge)
                                                      0.000     0.000 r  
    E10                                               0.000     0.000 r  sfp_mgt_refclk_p (IN)
                         net (fo=0)                   0.000     0.000    sfp_1_pcs_pma_inst/inst/ten_gig_eth_pcs_pma_shared_clock_reset_block/refclk_p
    E10                  IBUF (Prop_ibuf_I_O)         0.000     0.000 r  sfp_1_pcs_pma_inst/inst/ten_gig_eth_pcs_pma_shared_clock_reset_block/refclk_p_buf/O
                         net (fo=1, routed)           0.000     0.000    sfp_1_pcs_pma_inst/inst/ten_gig_eth_pcs_pma_shared_clock_reset_block/refclk_p_buffed
    IBUFDS_GTE2_X1Y16    IBUFDS_GTE2 (Prop_ibufds_gte2_I_O)
                                                      2.135     2.135 r  sfp_1_pcs_pma_inst/inst/ten_gig_eth_pcs_pma_shared_clock_reset_block/ibufds_inst/O
                         net (fo=2, routed)           2.255     4.390    sfp_1_pcs_pma_inst/inst/ten_gig_eth_pcs_pma_shared_clock_reset_block/refclk
    BUFGCTRL_X0Y18       BUFG (Prop_bufg_I_O)         0.080     4.470 r  sfp_1_pcs_pma_inst/inst/ten_gig_eth_pcs_pma_shared_clock_reset_block/coreclk_bufg_inst/O
                         net (fo=9846, routed)        1.930     6.400    core_inst/eth_mac_10g_fifo_inst/rx_fifo/fifo_inst/coreclk_out
    SLICE_X175Y462       FDRE                                         r  core_inst/eth_mac_10g_fifo_inst/rx_fifo/fifo_inst/rd_ptr_gray_reg_reg[10]/C
  -------------------------------------------------------------------    -------------------
    SLICE_X175Y462       FDRE (Prop_fdre_C_Q)         0.216     6.616 r  core_inst/eth_mac_10g_fifo_inst/rx_fifo/fifo_inst/rd_ptr_gray_reg_reg[10]/Q
                         net (fo=1, routed)           0.441     7.057    core_inst/eth_mac_10g_fifo_inst/rx_fifo/fifo_inst/rd_ptr_gray_reg_reg_n_0_[10]
    SLICE_X176Y464       FDRE                                         r  core_inst/eth_mac_10g_fifo_inst/rx_fifo/fifo_inst/rd_ptr_gray_sync1_reg_reg[10]/D
  -------------------------------------------------------------------    -------------------

                         (clock sfp_mgt_refclk_p rise edge)
                                                      0.000     0.000 r  
    E10                                               0.000     0.000 r  sfp_mgt_refclk_p (IN)
                         net (fo=0)                   0.000     0.000    sfp_1_pcs_pma_inst/inst/ten_gig_eth_pcs_pma_shared_clock_reset_block/refclk_p
    E10                  IBUF (Prop_ibuf_I_O)         0.000     0.000 r  sfp_1_pcs_pma_inst/inst/ten_gig_eth_pcs_pma_shared_clock_reset_block/refclk_p_buf/O
                         net (fo=1, routed)           0.000     0.000    sfp_1_pcs_pma_inst/inst/ten_gig_eth_pcs_pma_shared_clock_reset_block/refclk_p_buffed
    IBUFDS_GTE2_X1Y16    IBUFDS_GTE2 (Prop_ibufds_gte2_I_O)
                                                      1.285     1.285 r  sfp_1_pcs_pma_inst/inst/ten_gig_eth_pcs_pma_shared_clock_reset_block/ibufds_inst/O
                         net (fo=2, routed)           2.079     3.364    sfp_1_pcs_pma_inst/inst/ten_gig_eth_pcs_pma_shared_clock_reset_block/refclk
    BUFGCTRL_X0Y18       BUFG (Prop_bufg_I_O)         0.072     3.436 r  sfp_1_pcs_pma_inst/inst/ten_gig_eth_pcs_pma_shared_clock_reset_block/coreclk_bufg_inst/O
                         net (fo=9846, routed)        1.507     4.943    core_inst/eth_mac_10g_fifo_inst/rx_fifo/fifo_inst/coreclk_out
    SLICE_X176Y464       FDRE                                         r  core_inst/eth_mac_10g_fifo_inst/rx_fifo/fifo_inst/rd_ptr_gray_sync1_reg_reg[10]/C
                         clock pessimism              1.407     6.350    
    SLICE_X176Y464       FDRE (Setup_fdre_C_D)        0.021     6.371    core_inst/eth_mac_10g_fifo_inst/rx_fifo/fifo_inst/rd_ptr_gray_sync1_reg_reg[10]
  -------------------------------------------------------------------
                         data arrival                           7.057    
                         clock arrival                          6.371    
  -------------------------------------------------------------------
                         relative delay                         0.686    

Reference path:
    Location             Delay type                Incr(ns)  Path(ns)    Netlist Resource(s)
  -------------------------------------------------------------------    -------------------
                         (clock sfp_mgt_refclk_p rise edge)
                                                      0.000     0.000 r  
    E10                                               0.000     0.000 r  sfp_mgt_refclk_p (IN)
                         net (fo=0)                   0.000     0.000    sfp_1_pcs_pma_inst/inst/ten_gig_eth_pcs_pma_shared_clock_reset_block/refclk_p
    E10                  IBUF (Prop_ibuf_I_O)         0.000     0.000 r  sfp_1_pcs_pma_inst/inst/ten_gig_eth_pcs_pma_shared_clock_reset_block/refclk_p_buf/O
                         net (fo=1, routed)           0.000     0.000    sfp_1_pcs_pma_inst/inst/ten_gig_eth_pcs_pma_shared_clock_reset_block/refclk_p_buffed
    IBUFDS_GTE2_X1Y16    IBUFDS_GTE2 (Prop_ibufds_gte2_I_O)
                                                      1.285     1.285 r  sfp_1_pcs_pma_inst/inst/ten_gig_eth_pcs_pma_shared_clock_reset_block/ibufds_inst/O
                         net (fo=2, routed)           2.079     3.364    sfp_1_pcs_pma_inst/inst/ten_gig_eth_pcs_pma_shared_clock_reset_block/refclk
    BUFGCTRL_X0Y18       BUFG (Prop_bufg_I_O)         0.072     3.436 r  sfp_1_pcs_pma_inst/inst/ten_gig_eth_pcs_pma_shared_clock_reset_block/coreclk_bufg_inst/O
                         net (fo=9846, routed)        1.507     4.943    core_inst/eth_mac_10g_fifo_inst/rx_fifo/fifo_inst/coreclk_out
    SLICE_X174Y463       FDRE                                         r  core_inst/eth_mac_10g_fifo_inst/rx_fifo/fifo_inst/rd_ptr_gray_reg_reg[13]/C
  -------------------------------------------------------------------    -------------------
    SLICE_X174Y463       FDRE (Prop_fdre_C_Q)         0.204     5.147 r  core_inst/eth_mac_10g_fifo_inst/rx_fifo/fifo_inst/rd_ptr_gray_reg_reg[13]/Q
                         net (fo=1, routed)           0.222     5.369    core_inst/eth_mac_10g_fifo_inst/rx_fifo/fifo_inst/rd_ptr_gray_reg_reg_n_0_[13]
    SLICE_X174Y464       FDRE                                         r  core_inst/eth_mac_10g_fifo_inst/rx_fifo/fifo_inst/rd_ptr_gray_sync1_reg_reg[13]/D
  -------------------------------------------------------------------    -------------------

                         (clock sfp_mgt_refclk_p rise edge)
                                                      0.000     0.000 r  
    E10                                               0.000     0.000 r  sfp_mgt_refclk_p (IN)
                         net (fo=0)                   0.000     0.000    sfp_1_pcs_pma_inst/inst/ten_gig_eth_pcs_pma_shared_clock_reset_block/refclk_p
    E10                  IBUF (Prop_ibuf_I_O)         0.000     0.000 r  sfp_1_pcs_pma_inst/inst/ten_gig_eth_pcs_pma_shared_clock_reset_block/refclk_p_buf/O
                         net (fo=1, routed)           0.000     0.000    sfp_1_pcs_pma_inst/inst/ten_gig_eth_pcs_pma_shared_clock_reset_block/refclk_p_buffed
    IBUFDS_GTE2_X1Y16    IBUFDS_GTE2 (Prop_ibufds_gte2_I_O)
                                                      2.135     2.135 r  sfp_1_pcs_pma_inst/inst/ten_gig_eth_pcs_pma_shared_clock_reset_block/ibufds_inst/O
                         net (fo=2, routed)           2.255     4.390    sfp_1_pcs_pma_inst/inst/ten_gig_eth_pcs_pma_shared_clock_reset_block/refclk
    BUFGCTRL_X0Y18       BUFG (Prop_bufg_I_O)         0.080     4.470 r  sfp_1_pcs_pma_inst/inst/ten_gig_eth_pcs_pma_shared_clock_reset_block/coreclk_bufg_inst/O
                         net (fo=9846, routed)        1.927     6.397    core_inst/eth_mac_10g_fifo_inst/rx_fifo/fifo_inst/coreclk_out
    SLICE_X174Y464       FDRE                                         r  core_inst/eth_mac_10g_fifo_inst/rx_fifo/fifo_inst/rd_ptr_gray_sync1_reg_reg[13]/C
                         clock pessimism             -1.434     4.963    
    SLICE_X174Y464       FDRE (Hold_fdre_C_D)         0.143     5.106    core_inst/eth_mac_10g_fifo_inst/rx_fifo/fifo_inst/rd_ptr_gray_sync1_reg_reg[13]
  -------------------------------------------------------------------
                         data arrival                           5.369    
                         clock arrival                          5.106    
  -------------------------------------------------------------------
                         relative delay                         0.263    



Id: 2
set_bus_skew -from [get_cells -quiet {core_inst/eth_mac_10g_fifo_inst/rx_fifo/fifo_inst/wr_ptr_sync_commit_reg_reg[*]}] -to [get_cells {core_inst/eth_mac_10g_fifo_inst/rx_fifo/fifo_inst/wr_ptr_commit_sync_reg_reg[*]}] 6.400
Requirement: 6.400ns
Endpoints: 14

From Clock            To Clock              Endpoint Pin                    Reference Pin                   Corner  Actual(ns)  Slack(ns)
--------------------  --------------------  ------------------------------  ------------------------------  ------  ----------  ---------
sfp_mgt_refclk_p      sfp_mgt_refclk_p      core_inst/eth_mac_10g_fifo_inst/rx_fifo/fifo_inst/wr_ptr_commit_sync_reg_reg[8]/D
                                                                            core_inst/eth_mac_10g_fifo_inst/rx_fifo/fifo_inst/wr_ptr_commit_sync_reg_reg[1]/D
                                                                                                            Slow         0.586      5.814


Slack (MET) :             5.814ns  (requirement - actual skew)
  Endpoint Source:        core_inst/eth_mac_10g_fifo_inst/rx_fifo/fifo_inst/wr_ptr_sync_commit_reg_reg[8]/C
                            (rising edge-triggered cell FDRE clocked by sfp_mgt_refclk_p)
  Endpoint Destination:   core_inst/eth_mac_10g_fifo_inst/rx_fifo/fifo_inst/wr_ptr_commit_sync_reg_reg[8]/D
                            (rising edge-triggered cell FDRE clocked by sfp_mgt_refclk_p)
  Reference Source:       core_inst/eth_mac_10g_fifo_inst/rx_fifo/fifo_inst/wr_ptr_sync_commit_reg_reg[1]/C
                            (rising edge-triggered cell FDRE clocked by sfp_mgt_refclk_p)
  Reference Destination:  core_inst/eth_mac_10g_fifo_inst/rx_fifo/fifo_inst/wr_ptr_commit_sync_reg_reg[1]/D
                            (rising edge-triggered cell FDRE clocked by sfp_mgt_refclk_p)
  Path Type:              Bus Skew (Max at Slow Process Corner)
  Requirement:            6.400ns
  Endpoint Relative Delay:    0.858ns
  Reference Relative Delay:   0.272ns
  Relative CRPR:              0.000ns
  Actual Bus Skew:            0.586ns  (Endpoint Relative Delay - Reference Relative Delay - Relative CRPR)

Endpoint path:
    Location             Delay type                Incr(ns)  Path(ns)    Netlist Resource(s)
  -------------------------------------------------------------------    -------------------
                         (clock sfp_mgt_refclk_p rise edge)
                                                      0.000     0.000 r  
    E10                                               0.000     0.000 r  sfp_mgt_refclk_p (IN)
                         net (fo=0)                   0.000     0.000    sfp_1_pcs_pma_inst/inst/ten_gig_eth_pcs_pma_shared_clock_reset_block/refclk_p
    E10                  IBUF (Prop_ibuf_I_O)         0.000     0.000 r  sfp_1_pcs_pma_inst/inst/ten_gig_eth_pcs_pma_shared_clock_reset_block/refclk_p_buf/O
                         net (fo=1, routed)           0.000     0.000    sfp_1_pcs_pma_inst/inst/ten_gig_eth_pcs_pma_shared_clock_reset_block/refclk_p_buffed
    IBUFDS_GTE2_X1Y16    IBUFDS_GTE2 (Prop_ibufds_gte2_I_O)
                                                      2.135     2.135 r  sfp_1_pcs_pma_inst/inst/ten_gig_eth_pcs_pma_shared_clock_reset_block/ibufds_inst/O
                         net (fo=2, routed)           2.255     4.390    sfp_1_pcs_pma_inst/inst/ten_gig_eth_pcs_pma_shared_clock_reset_block/refclk
    BUFGCTRL_X0Y18       BUFG (Prop_bufg_I_O)         0.080     4.470 r  sfp_1_pcs_pma_inst/inst/ten_gig_eth_pcs_pma_shared_clock_reset_block/coreclk_bufg_inst/O
                         net (fo=9846, routed)        1.883     6.353    core_inst/eth_mac_10g_fifo_inst/rx_fifo/fifo_inst/coreclk_out
    SLICE_X172Y465       FDRE                                         r  core_inst/eth_mac_10g_fifo_inst/rx_fifo/fifo_inst/wr_ptr_sync_commit_reg_reg[8]/C
  -------------------------------------------------------------------    -------------------
    SLICE_X172Y465       FDRE (Prop_fdre_C_Q)         0.254     6.607 r  core_inst/eth_mac_10g_fifo_inst/rx_fifo/fifo_inst/wr_ptr_sync_commit_reg_reg[8]/Q
                         net (fo=1, routed)           0.583     7.189    core_inst/eth_mac_10g_fifo_inst/rx_fifo/fifo_inst/wr_ptr_sync_commit_reg_reg_n_0_[8]
    SLICE_X171Y462       FDRE                                         r  core_inst/eth_mac_10g_fifo_inst/rx_fifo/fifo_inst/wr_ptr_commit_sync_reg_reg[8]/D
  -------------------------------------------------------------------    -------------------

                         (clock sfp_mgt_refclk_p rise edge)
                                                      0.000     0.000 r  
    E10                                               0.000     0.000 r  sfp_mgt_refclk_p (IN)
                         net (fo=0)                   0.000     0.000    sfp_1_pcs_pma_inst/inst/ten_gig_eth_pcs_pma_shared_clock_reset_block/refclk_p
    E10                  IBUF (Prop_ibuf_I_O)         0.000     0.000 r  sfp_1_pcs_pma_inst/inst/ten_gig_eth_pcs_pma_shared_clock_reset_block/refclk_p_buf/O
                         net (fo=1, routed)           0.000     0.000    sfp_1_pcs_pma_inst/inst/ten_gig_eth_pcs_pma_shared_clock_reset_block/refclk_p_buffed
    IBUFDS_GTE2_X1Y16    IBUFDS_GTE2 (Prop_ibufds_gte2_I_O)
                                                      1.285     1.285 r  sfp_1_pcs_pma_inst/inst/ten_gig_eth_pcs_pma_shared_clock_reset_block/ibufds_inst/O
                         net (fo=2, routed)           2.079     3.364    sfp_1_pcs_pma_inst/inst/ten_gig_eth_pcs_pma_shared_clock_reset_block/refclk
    BUFGCTRL_X0Y18       BUFG (Prop_bufg_I_O)         0.072     3.436 r  sfp_1_pcs_pma_inst/inst/ten_gig_eth_pcs_pma_shared_clock_reset_block/coreclk_bufg_inst/O
                         net (fo=9846, routed)        1.465     4.901    core_inst/eth_mac_10g_fifo_inst/rx_fifo/fifo_inst/coreclk_out
    SLICE_X171Y462       FDRE                                         r  core_inst/eth_mac_10g_fifo_inst/rx_fifo/fifo_inst/wr_ptr_commit_sync_reg_reg[8]/C
                         clock pessimism              1.433     6.334    
    SLICE_X171Y462       FDRE (Setup_fdre_C_D)       -0.002     6.332    core_inst/eth_mac_10g_fifo_inst/rx_fifo/fifo_inst/wr_ptr_commit_sync_reg_reg[8]
  -------------------------------------------------------------------
                         data arrival                           7.189    
                         clock arrival                          6.332    
  -------------------------------------------------------------------
                         relative delay                         0.858    

Reference path:
    Location             Delay type                Incr(ns)  Path(ns)    Netlist Resource(s)
  -------------------------------------------------------------------    -------------------
                         (clock sfp_mgt_refclk_p rise edge)
                                                      0.000     0.000 r  
    E10                                               0.000     0.000 r  sfp_mgt_refclk_p (IN)
                         net (fo=0)                   0.000     0.000    sfp_1_pcs_pma_inst/inst/ten_gig_eth_pcs_pma_shared_clock_reset_block/refclk_p
    E10                  IBUF (Prop_ibuf_I_O)         0.000     0.000 r  sfp_1_pcs_pma_inst/inst/ten_gig_eth_pcs_pma_shared_clock_reset_block/refclk_p_buf/O
                         net (fo=1, routed)           0.000     0.000    sfp_1_pcs_pma_inst/inst/ten_gig_eth_pcs_pma_shared_clock_reset_block/refclk_p_buffed
    IBUFDS_GTE2_X1Y16    IBUFDS_GTE2 (Prop_ibufds_gte2_I_O)
                                                      1.285     1.285 r  sfp_1_pcs_pma_inst/inst/ten_gig_eth_pcs_pma_shared_clock_reset_block/ibufds_inst/O
                         net (fo=2, routed)           2.079     3.364    sfp_1_pcs_pma_inst/inst/ten_gig_eth_pcs_pma_shared_clock_reset_block/refclk
    BUFGCTRL_X0Y18       BUFG (Prop_bufg_I_O)         0.072     3.436 r  sfp_1_pcs_pma_inst/inst/ten_gig_eth_pcs_pma_shared_clock_reset_block/coreclk_bufg_inst/O
                         net (fo=9846, routed)        1.465     4.901    core_inst/eth_mac_10g_fifo_inst/rx_fifo/fifo_inst/coreclk_out
    SLICE_X171Y461       FDRE                                         r  core_inst/eth_mac_10g_fifo_inst/rx_fifo/fifo_inst/wr_ptr_sync_commit_reg_reg[1]/C
  -------------------------------------------------------------------    -------------------
    SLICE_X171Y461       FDRE (Prop_fdre_C_Q)         0.158     5.059 r  core_inst/eth_mac_10g_fifo_inst/rx_fifo/fifo_inst/wr_ptr_sync_commit_reg_reg[1]/Q
                         net (fo=1, routed)           0.250     5.309    core_inst/eth_mac_10g_fifo_inst/rx_fifo/fifo_inst/wr_ptr_sync_commit_reg_reg_n_0_[1]
    SLICE_X175Y461       FDRE                                         r  core_inst/eth_mac_10g_fifo_inst/rx_fifo/fifo_inst/wr_ptr_commit_sync_reg_reg[1]/D
  -------------------------------------------------------------------    -------------------

                         (clock sfp_mgt_refclk_p rise edge)
                                                      0.000     0.000 r  
    E10                                               0.000     0.000 r  sfp_mgt_refclk_p (IN)
                         net (fo=0)                   0.000     0.000    sfp_1_pcs_pma_inst/inst/ten_gig_eth_pcs_pma_shared_clock_reset_block/refclk_p
    E10                  IBUF (Prop_ibuf_I_O)         0.000     0.000 r  sfp_1_pcs_pma_inst/inst/ten_gig_eth_pcs_pma_shared_clock_reset_block/refclk_p_buf/O
                         net (fo=1, routed)           0.000     0.000    sfp_1_pcs_pma_inst/inst/ten_gig_eth_pcs_pma_shared_clock_reset_block/refclk_p_buffed
    IBUFDS_GTE2_X1Y16    IBUFDS_GTE2 (Prop_ibufds_gte2_I_O)
                                                      2.135     2.135 r  sfp_1_pcs_pma_inst/inst/ten_gig_eth_pcs_pma_shared_clock_reset_block/ibufds_inst/O
                         net (fo=2, routed)           2.255     4.390    sfp_1_pcs_pma_inst/inst/ten_gig_eth_pcs_pma_shared_clock_reset_block/refclk
    BUFGCTRL_X0Y18       BUFG (Prop_bufg_I_O)         0.080     4.470 r  sfp_1_pcs_pma_inst/inst/ten_gig_eth_pcs_pma_shared_clock_reset_block/coreclk_bufg_inst/O
                         net (fo=9846, routed)        1.930     6.400    core_inst/eth_mac_10g_fifo_inst/rx_fifo/fifo_inst/coreclk_out
    SLICE_X175Y461       FDRE                                         r  core_inst/eth_mac_10g_fifo_inst/rx_fifo/fifo_inst/wr_ptr_commit_sync_reg_reg[1]/C
                         clock pessimism             -1.407     4.993    
    SLICE_X175Y461       FDRE (Hold_fdre_C_D)         0.044     5.037    core_inst/eth_mac_10g_fifo_inst/rx_fifo/fifo_inst/wr_ptr_commit_sync_reg_reg[1]
  -------------------------------------------------------------------
                         data arrival                           5.309    
                         clock arrival                          5.037    
  -------------------------------------------------------------------
                         relative delay                         0.272    



Id: 3
set_bus_skew -from [get_cells {{core_inst/eth_mac_10g_fifo_inst/tx_fifo/fifo_inst/rd_ptr_reg_reg[*]} {core_inst/eth_mac_10g_fifo_inst/tx_fifo/fifo_inst/rd_ptr_gray_reg_reg[*]}}] -to [get_cells {core_inst/eth_mac_10g_fifo_inst/tx_fifo/fifo_inst/rd_ptr_gray_sync1_reg_reg[*]}] 6.400
Requirement: 6.400ns
Endpoints: 14

From Clock            To Clock              Endpoint Pin                    Reference Pin                   Corner  Actual(ns)  Slack(ns)
--------------------  --------------------  ------------------------------  ------------------------------  ------  ----------  ---------
sfp_mgt_refclk_p      sfp_mgt_refclk_p      core_inst/eth_mac_10g_fifo_inst/tx_fifo/fifo_inst/rd_ptr_gray_sync1_reg_reg[7]/D
                                                                            core_inst/eth_mac_10g_fifo_inst/tx_fifo/fifo_inst/rd_ptr_gray_sync1_reg_reg[11]/D
                                                                                                            Slow         0.511      5.889


Slack (MET) :             5.889ns  (requirement - actual skew)
  Endpoint Source:        core_inst/eth_mac_10g_fifo_inst/tx_fifo/fifo_inst/rd_ptr_gray_reg_reg[7]/C
                            (rising edge-triggered cell FDRE clocked by sfp_mgt_refclk_p)
  Endpoint Destination:   core_inst/eth_mac_10g_fifo_inst/tx_fifo/fifo_inst/rd_ptr_gray_sync1_reg_reg[7]/D
                            (rising edge-triggered cell FDRE clocked by sfp_mgt_refclk_p)
  Reference Source:       core_inst/eth_mac_10g_fifo_inst/tx_fifo/fifo_inst/rd_ptr_gray_reg_reg[11]/C
                            (rising edge-triggered cell FDRE clocked by sfp_mgt_refclk_p)
  Reference Destination:  core_inst/eth_mac_10g_fifo_inst/tx_fifo/fifo_inst/rd_ptr_gray_sync1_reg_reg[11]/D
                            (rising edge-triggered cell FDRE clocked by sfp_mgt_refclk_p)
  Path Type:              Bus Skew (Max at Slow Process Corner)
  Requirement:            6.400ns
  Endpoint Relative Delay:    0.723ns
  Reference Relative Delay:   0.212ns
  Relative CRPR:              0.000ns
  Actual Bus Skew:            0.511ns  (Endpoint Relative Delay - Reference Relative Delay - Relative CRPR)

Endpoint path:
    Location             Delay type                Incr(ns)  Path(ns)    Netlist Resource(s)
  -------------------------------------------------------------------    -------------------
                         (clock sfp_mgt_refclk_p rise edge)
                                                      0.000     0.000 r  
    E10                                               0.000     0.000 r  sfp_mgt_refclk_p (IN)
                         net (fo=0)                   0.000     0.000    sfp_1_pcs_pma_inst/inst/ten_gig_eth_pcs_pma_shared_clock_reset_block/refclk_p
    E10                  IBUF (Prop_ibuf_I_O)         0.000     0.000 r  sfp_1_pcs_pma_inst/inst/ten_gig_eth_pcs_pma_shared_clock_reset_block/refclk_p_buf/O
                         net (fo=1, routed)           0.000     0.000    sfp_1_pcs_pma_inst/inst/ten_gig_eth_pcs_pma_shared_clock_reset_block/refclk_p_buffed
    IBUFDS_GTE2_X1Y16    IBUFDS_GTE2 (Prop_ibufds_gte2_I_O)
                                                      2.135     2.135 r  sfp_1_pcs_pma_inst/inst/ten_gig_eth_pcs_pma_shared_clock_reset_block/ibufds_inst/O
                         net (fo=2, routed)           2.255     4.390    sfp_1_pcs_pma_inst/inst/ten_gig_eth_pcs_pma_shared_clock_reset_block/refclk
    BUFGCTRL_X0Y18       BUFG (Prop_bufg_I_O)         0.080     4.470 r  sfp_1_pcs_pma_inst/inst/ten_gig_eth_pcs_pma_shared_clock_reset_block/coreclk_bufg_inst/O
                         net (fo=9846, routed)        1.780     6.250    core_inst/eth_mac_10g_fifo_inst/tx_fifo/fifo_inst/coreclk_out
    SLICE_X190Y441       FDRE                                         r  core_inst/eth_mac_10g_fifo_inst/tx_fifo/fifo_inst/rd_ptr_gray_reg_reg[7]/C
  -------------------------------------------------------------------    -------------------
    SLICE_X190Y441       FDRE (Prop_fdre_C_Q)         0.254     6.504 r  core_inst/eth_mac_10g_fifo_inst/tx_fifo/fifo_inst/rd_ptr_gray_reg_reg[7]/Q
                         net (fo=1, routed)           0.469     6.973    core_inst/eth_mac_10g_fifo_inst/tx_fifo/fifo_inst/rd_ptr_gray_reg[7]
    SLICE_X190Y440       FDRE                                         r  core_inst/eth_mac_10g_fifo_inst/tx_fifo/fifo_inst/rd_ptr_gray_sync1_reg_reg[7]/D
  -------------------------------------------------------------------    -------------------

                         (clock sfp_mgt_refclk_p rise edge)
                                                      0.000     0.000 r  
    E10                                               0.000     0.000 r  sfp_mgt_refclk_p (IN)
                         net (fo=0)                   0.000     0.000    sfp_1_pcs_pma_inst/inst/ten_gig_eth_pcs_pma_shared_clock_reset_block/refclk_p
    E10                  IBUF (Prop_ibuf_I_O)         0.000     0.000 r  sfp_1_pcs_pma_inst/inst/ten_gig_eth_pcs_pma_shared_clock_reset_block/refclk_p_buf/O
                         net (fo=1, routed)           0.000     0.000    sfp_1_pcs_pma_inst/inst/ten_gig_eth_pcs_pma_shared_clock_reset_block/refclk_p_buffed
    IBUFDS_GTE2_X1Y16    IBUFDS_GTE2 (Prop_ibufds_gte2_I_O)
                                                      1.285     1.285 r  sfp_1_pcs_pma_inst/inst/ten_gig_eth_pcs_pma_shared_clock_reset_block/ibufds_inst/O
                         net (fo=2, routed)           2.079     3.364    sfp_1_pcs_pma_inst/inst/ten_gig_eth_pcs_pma_shared_clock_reset_block/refclk
    BUFGCTRL_X0Y18       BUFG (Prop_bufg_I_O)         0.072     3.436 r  sfp_1_pcs_pma_inst/inst/ten_gig_eth_pcs_pma_shared_clock_reset_block/coreclk_bufg_inst/O
                         net (fo=9846, routed)        1.431     4.867    core_inst/eth_mac_10g_fifo_inst/tx_fifo/fifo_inst/coreclk_out
    SLICE_X190Y440       FDRE                                         r  core_inst/eth_mac_10g_fifo_inst/tx_fifo/fifo_inst/rd_ptr_gray_sync1_reg_reg[7]/C
                         clock pessimism              1.360     6.227    
    SLICE_X190Y440       FDRE (Setup_fdre_C_D)        0.023     6.250    core_inst/eth_mac_10g_fifo_inst/tx_fifo/fifo_inst/rd_ptr_gray_sync1_reg_reg[7]
  -------------------------------------------------------------------
                         data arrival                           6.973    
                         clock arrival                          6.250    
  -------------------------------------------------------------------
                         relative delay                         0.723    

Reference path:
    Location             Delay type                Incr(ns)  Path(ns)    Netlist Resource(s)
  -------------------------------------------------------------------    -------------------
                         (clock sfp_mgt_refclk_p rise edge)
                                                      0.000     0.000 r  
    E10                                               0.000     0.000 r  sfp_mgt_refclk_p (IN)
                         net (fo=0)                   0.000     0.000    sfp_1_pcs_pma_inst/inst/ten_gig_eth_pcs_pma_shared_clock_reset_block/refclk_p
    E10                  IBUF (Prop_ibuf_I_O)         0.000     0.000 r  sfp_1_pcs_pma_inst/inst/ten_gig_eth_pcs_pma_shared_clock_reset_block/refclk_p_buf/O
                         net (fo=1, routed)           0.000     0.000    sfp_1_pcs_pma_inst/inst/ten_gig_eth_pcs_pma_shared_clock_reset_block/refclk_p_buffed
    IBUFDS_GTE2_X1Y16    IBUFDS_GTE2 (Prop_ibufds_gte2_I_O)
                                                      1.285     1.285 r  sfp_1_pcs_pma_inst/inst/ten_gig_eth_pcs_pma_shared_clock_reset_block/ibufds_inst/O
                         net (fo=2, routed)           2.079     3.364    sfp_1_pcs_pma_inst/inst/ten_gig_eth_pcs_pma_shared_clock_reset_block/refclk
    BUFGCTRL_X0Y18       BUFG (Prop_bufg_I_O)         0.072     3.436 r  sfp_1_pcs_pma_inst/inst/ten_gig_eth_pcs_pma_shared_clock_reset_block/coreclk_bufg_inst/O
                         net (fo=9846, routed)        1.432     4.868    core_inst/eth_mac_10g_fifo_inst/tx_fifo/fifo_inst/coreclk_out
    SLICE_X190Y442       FDRE                                         r  core_inst/eth_mac_10g_fifo_inst/tx_fifo/fifo_inst/rd_ptr_gray_reg_reg[11]/C
  -------------------------------------------------------------------    -------------------
    SLICE_X190Y442       FDRE (Prop_fdre_C_Q)         0.204     5.072 r  core_inst/eth_mac_10g_fifo_inst/tx_fifo/fifo_inst/rd_ptr_gray_reg_reg[11]/Q
                         net (fo=1, routed)           0.249     5.321    core_inst/eth_mac_10g_fifo_inst/tx_fifo/fifo_inst/rd_ptr_gray_reg[11]
    SLICE_X192Y442       FDRE                                         r  core_inst/eth_mac_10g_fifo_inst/tx_fifo/fifo_inst/rd_ptr_gray_sync1_reg_reg[11]/D
  -------------------------------------------------------------------    -------------------

                         (clock sfp_mgt_refclk_p rise edge)
                                                      0.000     0.000 r  
    E10                                               0.000     0.000 r  sfp_mgt_refclk_p (IN)
                         net (fo=0)                   0.000     0.000    sfp_1_pcs_pma_inst/inst/ten_gig_eth_pcs_pma_shared_clock_reset_block/refclk_p
    E10                  IBUF (Prop_ibuf_I_O)         0.000     0.000 r  sfp_1_pcs_pma_inst/inst/ten_gig_eth_pcs_pma_shared_clock_reset_block/refclk_p_buf/O
                         net (fo=1, routed)           0.000     0.000    sfp_1_pcs_pma_inst/inst/ten_gig_eth_pcs_pma_shared_clock_reset_block/refclk_p_buffed
    IBUFDS_GTE2_X1Y16    IBUFDS_GTE2 (Prop_ibufds_gte2_I_O)
                                                      2.135     2.135 r  sfp_1_pcs_pma_inst/inst/ten_gig_eth_pcs_pma_shared_clock_reset_block/ibufds_inst/O
                         net (fo=2, routed)           2.255     4.390    sfp_1_pcs_pma_inst/inst/ten_gig_eth_pcs_pma_shared_clock_reset_block/refclk
    BUFGCTRL_X0Y18       BUFG (Prop_bufg_I_O)         0.080     4.470 r  sfp_1_pcs_pma_inst/inst/ten_gig_eth_pcs_pma_shared_clock_reset_block/coreclk_bufg_inst/O
                         net (fo=9846, routed)        1.829     6.299    core_inst/eth_mac_10g_fifo_inst/tx_fifo/fifo_inst/coreclk_out
    SLICE_X192Y442       FDRE                                         r  core_inst/eth_mac_10g_fifo_inst/tx_fifo/fifo_inst/rd_ptr_gray_sync1_reg_reg[11]/C
                         clock pessimism             -1.333     4.966    
    SLICE_X192Y442       FDRE (Hold_fdre_C_D)         0.143     5.109    core_inst/eth_mac_10g_fifo_inst/tx_fifo/fifo_inst/rd_ptr_gray_sync1_reg_reg[11]
  -------------------------------------------------------------------
                         data arrival                           5.321    
                         clock arrival                          5.109    
  -------------------------------------------------------------------
                         relative delay                         0.212    



Id: 4
set_bus_skew -from [get_cells -quiet {core_inst/eth_mac_10g_fifo_inst/tx_fifo/fifo_inst/wr_ptr_sync_commit_reg_reg[*]}] -to [get_cells {core_inst/eth_mac_10g_fifo_inst/tx_fifo/fifo_inst/wr_ptr_commit_sync_reg_reg[*]}] 6.400
Requirement: 6.400ns
Endpoints: 14

From Clock            To Clock              Endpoint Pin                    Reference Pin                   Corner  Actual(ns)  Slack(ns)
--------------------  --------------------  ------------------------------  ------------------------------  ------  ----------  ---------
sfp_mgt_refclk_p      sfp_mgt_refclk_p      core_inst/eth_mac_10g_fifo_inst/tx_fifo/fifo_inst/wr_ptr_commit_sync_reg_reg[11]/D
                                                                            core_inst/eth_mac_10g_fifo_inst/tx_fifo/fifo_inst/wr_ptr_commit_sync_reg_reg[4]/D
                                                                                                            Slow         0.539      5.861


Slack (MET) :             5.861ns  (requirement - actual skew)
  Endpoint Source:        core_inst/eth_mac_10g_fifo_inst/tx_fifo/fifo_inst/wr_ptr_sync_commit_reg_reg[11]/C
                            (rising edge-triggered cell FDRE clocked by sfp_mgt_refclk_p)
  Endpoint Destination:   core_inst/eth_mac_10g_fifo_inst/tx_fifo/fifo_inst/wr_ptr_commit_sync_reg_reg[11]/D
                            (rising edge-triggered cell FDRE clocked by sfp_mgt_refclk_p)
  Reference Source:       core_inst/eth_mac_10g_fifo_inst/tx_fifo/fifo_inst/wr_ptr_sync_commit_reg_reg[4]/C
                            (rising edge-triggered cell FDRE clocked by sfp_mgt_refclk_p)
  Reference Destination:  core_inst/eth_mac_10g_fifo_inst/tx_fifo/fifo_inst/wr_ptr_commit_sync_reg_reg[4]/D
                            (rising edge-triggered cell FDRE clocked by sfp_mgt_refclk_p)
  Path Type:              Bus Skew (Max at Slow Process Corner)
  Requirement:            6.400ns
  Endpoint Relative Delay:    0.842ns
  Reference Relative Delay:   0.303ns
  Relative CRPR:              0.000ns
  Actual Bus Skew:            0.539ns  (Endpoint Relative Delay - Reference Relative Delay - Relative CRPR)

Endpoint path:
    Location             Delay type                Incr(ns)  Path(ns)    Netlist Resource(s)
  -------------------------------------------------------------------    -------------------
                         (clock sfp_mgt_refclk_p rise edge)
                                                      0.000     0.000 r  
    E10                                               0.000     0.000 r  sfp_mgt_refclk_p (IN)
                         net (fo=0)                   0.000     0.000    sfp_1_pcs_pma_inst/inst/ten_gig_eth_pcs_pma_shared_clock_reset_block/refclk_p
    E10                  IBUF (Prop_ibuf_I_O)         0.000     0.000 r  sfp_1_pcs_pma_inst/inst/ten_gig_eth_pcs_pma_shared_clock_reset_block/refclk_p_buf/O
                         net (fo=1, routed)           0.000     0.000    sfp_1_pcs_pma_inst/inst/ten_gig_eth_pcs_pma_shared_clock_reset_block/refclk_p_buffed
    IBUFDS_GTE2_X1Y16    IBUFDS_GTE2 (Prop_ibufds_gte2_I_O)
                                                      2.135     2.135 r  sfp_1_pcs_pma_inst/inst/ten_gig_eth_pcs_pma_shared_clock_reset_block/ibufds_inst/O
                         net (fo=2, routed)           2.255     4.390    sfp_1_pcs_pma_inst/inst/ten_gig_eth_pcs_pma_shared_clock_reset_block/refclk
    BUFGCTRL_X0Y18       BUFG (Prop_bufg_I_O)         0.080     4.470 r  sfp_1_pcs_pma_inst/inst/ten_gig_eth_pcs_pma_shared_clock_reset_block/coreclk_bufg_inst/O
                         net (fo=9846, routed)        1.831     6.301    core_inst/eth_mac_10g_fifo_inst/tx_fifo/fifo_inst/coreclk_out
    SLICE_X197Y442       FDRE                                         r  core_inst/eth_mac_10g_fifo_inst/tx_fifo/fifo_inst/wr_ptr_sync_commit_reg_reg[11]/C
  -------------------------------------------------------------------    -------------------
    SLICE_X197Y442       FDRE (Prop_fdre_C_Q)         0.198     6.499 r  core_inst/eth_mac_10g_fifo_inst/tx_fifo/fifo_inst/wr_ptr_sync_commit_reg_reg[11]/Q
                         net (fo=1, routed)           0.515     7.013    core_inst/eth_mac_10g_fifo_inst/tx_fifo/fifo_inst/wr_ptr_sync_commit_reg[11]
    SLICE_X198Y440       FDRE                                         r  core_inst/eth_mac_10g_fifo_inst/tx_fifo/fifo_inst/wr_ptr_commit_sync_reg_reg[11]/D
  -------------------------------------------------------------------    -------------------

                         (clock sfp_mgt_refclk_p rise edge)
                                                      0.000     0.000 r  
    E10                                               0.000     0.000 r  sfp_mgt_refclk_p (IN)
                         net (fo=0)                   0.000     0.000    sfp_1_pcs_pma_inst/inst/ten_gig_eth_pcs_pma_shared_clock_reset_block/refclk_p
    E10                  IBUF (Prop_ibuf_I_O)         0.000     0.000 r  sfp_1_pcs_pma_inst/inst/ten_gig_eth_pcs_pma_shared_clock_reset_block/refclk_p_buf/O
                         net (fo=1, routed)           0.000     0.000    sfp_1_pcs_pma_inst/inst/ten_gig_eth_pcs_pma_shared_clock_reset_block/refclk_p_buffed
    IBUFDS_GTE2_X1Y16    IBUFDS_GTE2 (Prop_ibufds_gte2_I_O)
                                                      1.285     1.285 r  sfp_1_pcs_pma_inst/inst/ten_gig_eth_pcs_pma_shared_clock_reset_block/ibufds_inst/O
                         net (fo=2, routed)           2.079     3.364    sfp_1_pcs_pma_inst/inst/ten_gig_eth_pcs_pma_shared_clock_reset_block/refclk
    BUFGCTRL_X0Y18       BUFG (Prop_bufg_I_O)         0.072     3.436 r  sfp_1_pcs_pma_inst/inst/ten_gig_eth_pcs_pma_shared_clock_reset_block/coreclk_bufg_inst/O
                         net (fo=9846, routed)        1.482     4.918    core_inst/eth_mac_10g_fifo_inst/tx_fifo/fifo_inst/coreclk_out
    SLICE_X198Y440       FDRE                                         r  core_inst/eth_mac_10g_fifo_inst/tx_fifo/fifo_inst/wr_ptr_commit_sync_reg_reg[11]/C
                         clock pessimism              1.333     6.251    
    SLICE_X198Y440       FDRE (Setup_fdre_C_D)       -0.079     6.172    core_inst/eth_mac_10g_fifo_inst/tx_fifo/fifo_inst/wr_ptr_commit_sync_reg_reg[11]
  -------------------------------------------------------------------
                         data arrival                           7.013    
                         clock arrival                          6.172    
  -------------------------------------------------------------------
                         relative delay                         0.842    

Reference path:
    Location             Delay type                Incr(ns)  Path(ns)    Netlist Resource(s)
  -------------------------------------------------------------------    -------------------
                         (clock sfp_mgt_refclk_p rise edge)
                                                      0.000     0.000 r  
    E10                                               0.000     0.000 r  sfp_mgt_refclk_p (IN)
                         net (fo=0)                   0.000     0.000    sfp_1_pcs_pma_inst/inst/ten_gig_eth_pcs_pma_shared_clock_reset_block/refclk_p
    E10                  IBUF (Prop_ibuf_I_O)         0.000     0.000 r  sfp_1_pcs_pma_inst/inst/ten_gig_eth_pcs_pma_shared_clock_reset_block/refclk_p_buf/O
                         net (fo=1, routed)           0.000     0.000    sfp_1_pcs_pma_inst/inst/ten_gig_eth_pcs_pma_shared_clock_reset_block/refclk_p_buffed
    IBUFDS_GTE2_X1Y16    IBUFDS_GTE2 (Prop_ibufds_gte2_I_O)
                                                      1.285     1.285 r  sfp_1_pcs_pma_inst/inst/ten_gig_eth_pcs_pma_shared_clock_reset_block/ibufds_inst/O
                         net (fo=2, routed)           2.079     3.364    sfp_1_pcs_pma_inst/inst/ten_gig_eth_pcs_pma_shared_clock_reset_block/refclk
    BUFGCTRL_X0Y18       BUFG (Prop_bufg_I_O)         0.072     3.436 r  sfp_1_pcs_pma_inst/inst/ten_gig_eth_pcs_pma_shared_clock_reset_block/coreclk_bufg_inst/O
                         net (fo=9846, routed)        1.479     4.915    core_inst/eth_mac_10g_fifo_inst/tx_fifo/fifo_inst/coreclk_out
    SLICE_X196Y439       FDRE                                         r  core_inst/eth_mac_10g_fifo_inst/tx_fifo/fifo_inst/wr_ptr_sync_commit_reg_reg[4]/C
  -------------------------------------------------------------------    -------------------
    SLICE_X196Y439       FDRE (Prop_fdre_C_Q)         0.204     5.119 r  core_inst/eth_mac_10g_fifo_inst/tx_fifo/fifo_inst/wr_ptr_sync_commit_reg_reg[4]/Q
                         net (fo=1, routed)           0.211     5.329    core_inst/eth_mac_10g_fifo_inst/tx_fifo/fifo_inst/wr_ptr_sync_commit_reg[4]
    SLICE_X195Y439       FDRE                                         r  core_inst/eth_mac_10g_fifo_inst/tx_fifo/fifo_inst/wr_ptr_commit_sync_reg_reg[4]/D
  -------------------------------------------------------------------    -------------------

                         (clock sfp_mgt_refclk_p rise edge)
                                                      0.000     0.000 r  
    E10                                               0.000     0.000 r  sfp_mgt_refclk_p (IN)
                         net (fo=0)                   0.000     0.000    sfp_1_pcs_pma_inst/inst/ten_gig_eth_pcs_pma_shared_clock_reset_block/refclk_p
    E10                  IBUF (Prop_ibuf_I_O)         0.000     0.000 r  sfp_1_pcs_pma_inst/inst/ten_gig_eth_pcs_pma_shared_clock_reset_block/refclk_p_buf/O
                         net (fo=1, routed)           0.000     0.000    sfp_1_pcs_pma_inst/inst/ten_gig_eth_pcs_pma_shared_clock_reset_block/refclk_p_buffed
    IBUFDS_GTE2_X1Y16    IBUFDS_GTE2 (Prop_ibufds_gte2_I_O)
                                                      2.135     2.135 r  sfp_1_pcs_pma_inst/inst/ten_gig_eth_pcs_pma_shared_clock_reset_block/ibufds_inst/O
                         net (fo=2, routed)           2.255     4.390    sfp_1_pcs_pma_inst/inst/ten_gig_eth_pcs_pma_shared_clock_reset_block/refclk
    BUFGCTRL_X0Y18       BUFG (Prop_bufg_I_O)         0.080     4.470 r  sfp_1_pcs_pma_inst/inst/ten_gig_eth_pcs_pma_shared_clock_reset_block/coreclk_bufg_inst/O
                         net (fo=9846, routed)        1.829     6.299    core_inst/eth_mac_10g_fifo_inst/tx_fifo/fifo_inst/coreclk_out
    SLICE_X195Y439       FDRE                                         r  core_inst/eth_mac_10g_fifo_inst/tx_fifo/fifo_inst/wr_ptr_commit_sync_reg_reg[4]/C
                         clock pessimism             -1.361     4.938    
    SLICE_X195Y439       FDRE (Hold_fdre_C_D)         0.089     5.027    core_inst/eth_mac_10g_fifo_inst/tx_fifo/fifo_inst/wr_ptr_commit_sync_reg_reg[4]
  -------------------------------------------------------------------
                         data arrival                           5.329    
                         clock arrival                          5.027    
  -------------------------------------------------------------------
                         relative delay                         0.303    



